Not using distributed mode
### Hyper-parameters:
     seed: 42
     device: cuda
     output_dir: output/ft_cuhk/tta/tta_exp3.3
     batch_size_tta: 16
     epochs: 30
     lr: 0.001
### Creating model
use_swin
load checkpoint from checkpoints/ft_cuhk/checkpoint_best.pth
missing_keys:  ['uncertainty_temper', 'prompt_learning_embedding']
vision_encoder missing_keys:  []
unexpected_keys:  []
     Total Params Sum:  214457398
### Creating test dataset
     test_dataset: 3074
### Creating test dataloader
### be careful: func create_loader returns a list length of 1
     test_loader: 21
### Inference ITC similiarity matrix
     Computing text features for evaluation
     Computing image features for evaluation
/home/jiahao/task/APTM/reTools.py:308: UserWarning: To copy construct from a tensor, it is recommended to use sourceTensor.clone().detach() or sourceTensor.clone().detach().requires_grad_(True), rather than torch.tensor(sourceTensor).
  similarity = torch.tensor(scores_t2i)
     Computing features time 0:00:11
### Zero-Shot ITC Score: 
+-------+--------+--------+--------+--------+--------+
| epoch |   R1   |   R5   |  R10   |  mAP   |  mINP  |
+-------+--------+--------+--------+--------+--------+
|  -999 | 70.760 | 87.378 | 92.268 | 63.849 | 48.174 |
+-------+--------+--------+--------+--------+--------+
     Computing matching score
      ITM Evaluation: [   0/6156]  eta: 0:05:21    time: 0.0522  data: 0.0033  max mem: 5880
      ITM Evaluation: [ 100/6156]  eta: 0:05:20    time: 0.0484  data: 0.0000  max mem: 5880
      ITM Evaluation: [ 200/6156]  eta: 0:05:20    time: 0.0524  data: 0.0000  max mem: 5880
      ITM Evaluation: [ 300/6156]  eta: 0:05:15    time: 0.0575  data: 0.0000  max mem: 5880
      ITM Evaluation: [ 400/6156]  eta: 0:05:10    time: 0.0534  data: 0.0000  max mem: 5880
      ITM Evaluation: [ 500/6156]  eta: 0:05:06    time: 0.0546  data: 0.0000  max mem: 5880
      ITM Evaluation: [ 600/6156]  eta: 0:04:59    time: 0.0510  data: 0.0000  max mem: 5880
      ITM Evaluation: [ 700/6156]  eta: 0:04:54    time: 0.0523  data: 0.0000  max mem: 5880
      ITM Evaluation: [ 800/6156]  eta: 0:04:48    time: 0.0549  data: 0.0000  max mem: 5880
      ITM Evaluation: [ 900/6156]  eta: 0:04:41    time: 0.0504  data: 0.0000  max mem: 5880
      ITM Evaluation: [1000/6156]  eta: 0:04:37    time: 0.0519  data: 0.0000  max mem: 5880
      ITM Evaluation: [1100/6156]  eta: 0:04:32    time: 0.0597  data: 0.0000  max mem: 5880
      ITM Evaluation: [1200/6156]  eta: 0:04:25    time: 0.0512  data: 0.0000  max mem: 5880
      ITM Evaluation: [1300/6156]  eta: 0:04:18    time: 0.0465  data: 0.0000  max mem: 5880
      ITM Evaluation: [1400/6156]  eta: 0:04:13    time: 0.0516  data: 0.0000  max mem: 5880
      ITM Evaluation: [1500/6156]  eta: 0:04:07    time: 0.0576  data: 0.0000  max mem: 5880
      ITM Evaluation: [1600/6156]  eta: 0:04:01    time: 0.0504  data: 0.0000  max mem: 5880
      ITM Evaluation: [1700/6156]  eta: 0:03:55    time: 0.0521  data: 0.0000  max mem: 5880
      ITM Evaluation: [1800/6156]  eta: 0:03:51    time: 0.0582  data: 0.0000  max mem: 5880
      ITM Evaluation: [1900/6156]  eta: 0:03:46    time: 0.0571  data: 0.0000  max mem: 5880
      ITM Evaluation: [2000/6156]  eta: 0:03:41    time: 0.0629  data: 0.0000  max mem: 5880
      ITM Evaluation: [2100/6156]  eta: 0:03:36    time: 0.0517  data: 0.0000  max mem: 5880
      ITM Evaluation: [2200/6156]  eta: 0:03:31    time: 0.0459  data: 0.0000  max mem: 5880
      ITM Evaluation: [2300/6156]  eta: 0:03:25    time: 0.0512  data: 0.0000  max mem: 5880
      ITM Evaluation: [2400/6156]  eta: 0:03:20    time: 0.0518  data: 0.0000  max mem: 5880
      ITM Evaluation: [2500/6156]  eta: 0:03:13    time: 0.0386  data: 0.0000  max mem: 5880
      ITM Evaluation: [2600/6156]  eta: 0:03:07    time: 0.0556  data: 0.0000  max mem: 5880
      ITM Evaluation: [2700/6156]  eta: 0:03:02    time: 0.0554  data: 0.0000  max mem: 5880
      ITM Evaluation: [2800/6156]  eta: 0:02:57    time: 0.0550  data: 0.0000  max mem: 5880
      ITM Evaluation: [2900/6156]  eta: 0:02:53    time: 0.0562  data: 0.0000  max mem: 5880
      ITM Evaluation: [3000/6156]  eta: 0:02:48    time: 0.0577  data: 0.0000  max mem: 5880
      ITM Evaluation: [3100/6156]  eta: 0:02:43    time: 0.0551  data: 0.0000  max mem: 5880
      ITM Evaluation: [3200/6156]  eta: 0:02:37    time: 0.0510  data: 0.0000  max mem: 5880
      ITM Evaluation: [3300/6156]  eta: 0:02:32    time: 0.0546  data: 0.0000  max mem: 5880
      ITM Evaluation: [3400/6156]  eta: 0:02:27    time: 0.0545  data: 0.0000  max mem: 5880
      ITM Evaluation: [3500/6156]  eta: 0:02:21    time: 0.0471  data: 0.0000  max mem: 5880
      ITM Evaluation: [3600/6156]  eta: 0:02:16    time: 0.0558  data: 0.0000  max mem: 5880
      ITM Evaluation: [3700/6156]  eta: 0:02:11    time: 0.0514  data: 0.0000  max mem: 5880
      ITM Evaluation: [3800/6156]  eta: 0:02:05    time: 0.0533  data: 0.0000  max mem: 5880
      ITM Evaluation: [3900/6156]  eta: 0:02:00    time: 0.0526  data: 0.0000  max mem: 5880
      ITM Evaluation: [4000/6156]  eta: 0:01:54    time: 0.0535  data: 0.0000  max mem: 5880
      ITM Evaluation: [4100/6156]  eta: 0:01:49    time: 0.0527  data: 0.0000  max mem: 5880
      ITM Evaluation: [4200/6156]  eta: 0:01:44    time: 0.0525  data: 0.0000  max mem: 5880
      ITM Evaluation: [4300/6156]  eta: 0:01:38    time: 0.0515  data: 0.0000  max mem: 5880
      ITM Evaluation: [4400/6156]  eta: 0:01:33    time: 0.0490  data: 0.0000  max mem: 5880
      ITM Evaluation: [4500/6156]  eta: 0:01:28    time: 0.0530  data: 0.0000  max mem: 5880
      ITM Evaluation: [4600/6156]  eta: 0:01:22    time: 0.0556  data: 0.0000  max mem: 5880
      ITM Evaluation: [4700/6156]  eta: 0:01:17    time: 0.0567  data: 0.0000  max mem: 5880
      ITM Evaluation: [4800/6156]  eta: 0:01:12    time: 0.0551  data: 0.0000  max mem: 5880
      ITM Evaluation: [4900/6156]  eta: 0:01:06    time: 0.0478  data: 0.0000  max mem: 5880
      ITM Evaluation: [5000/6156]  eta: 0:01:01    time: 0.0497  data: 0.0000  max mem: 5880
      ITM Evaluation: [5100/6156]  eta: 0:00:56    time: 0.0516  data: 0.0000  max mem: 5880
      ITM Evaluation: [5200/6156]  eta: 0:00:50    time: 0.0514  data: 0.0000  max mem: 5880
      ITM Evaluation: [5300/6156]  eta: 0:00:45    time: 0.0575  data: 0.0000  max mem: 5880
      ITM Evaluation: [5400/6156]  eta: 0:00:40    time: 0.0479  data: 0.0000  max mem: 5880
      ITM Evaluation: [5500/6156]  eta: 0:00:34    time: 0.0495  data: 0.0000  max mem: 5880
      ITM Evaluation: [5600/6156]  eta: 0:00:29    time: 0.0594  data: 0.0000  max mem: 5880
      ITM Evaluation: [5700/6156]  eta: 0:00:24    time: 0.0520  data: 0.0000  max mem: 5880
      ITM Evaluation: [5800/6156]  eta: 0:00:18    time: 0.0467  data: 0.0000  max mem: 5880
      ITM Evaluation: [5900/6156]  eta: 0:00:13    time: 0.0504  data: 0.0000  max mem: 5880
      ITM Evaluation: [6000/6156]  eta: 0:00:08    time: 0.0584  data: 0.0000  max mem: 5880
      ITM Evaluation: [6100/6156]  eta: 0:00:02    time: 0.0555  data: 0.0000  max mem: 5880
      ITM Evaluation: [6155/6156]  eta: 0:00:00    time: 0.0484  data: 0.0000  max mem: 5880
      ITM Evaluation: Total time: 0:05:26 (0.0531 s / it)
     total_time 326.8539848327637
     Computing matching score time 0:05:26
### Zero-Shot ITM Score: 
+-------+--------+--------+--------+--------+--------+
| epoch |   R1   |   R5   |  R10   |  mAP   |  mINP  |
+-------+--------+--------+--------+--------+--------+
|  -999 | 70.760 | 87.378 | 92.268 | 63.849 | 48.174 |
|  -999 | 76.170 | 89.457 | 93.600 | 65.570 | 47.372 |
+-------+--------+--------+--------+--------+--------+
### TTA:
### Compute ITC Uncertainty
     preprocess_tta_coefficients  start
     sample selection ...
     number of sample after sample_selection: 6156
     uncertainty ...
     preprocess_tta_coefficients  end
### Creating tta dataset
     tta_dataset: 6156
### Creating tta dataloader
### be careful: func create_loader returns a list length of 1
     tta_loader: 384
### Configure adapted weights
     TTA Dropout Modules: 
 [('vision_encoder.pos_drop', Dropout(p=0.0, inplace=False), True), ('vision_encoder.layers.0.blocks.0.attn.attn_drop', Dropout(p=0.0, inplace=False), True), ('vision_encoder.layers.0.blocks.0.attn.proj_drop', Dropout(p=0.0, inplace=False), True), ('vision_encoder.layers.0.blocks.0.mlp.drop', Dropout(p=0.0, inplace=False), True), ('vision_encoder.layers.0.blocks.1.attn.attn_drop', Dropout(p=0.0, inplace=False), True), ('vision_encoder.layers.0.blocks.1.attn.proj_drop', Dropout(p=0.0, inplace=False), True), ('vision_encoder.layers.0.blocks.1.mlp.drop', Dropout(p=0.0, inplace=False), True), ('vision_encoder.layers.1.blocks.0.attn.attn_drop', Dropout(p=0.0, inplace=False), True), ('vision_encoder.layers.1.blocks.0.attn.proj_drop', Dropout(p=0.0, inplace=False), True), ('vision_encoder.layers.1.blocks.0.mlp.drop', Dropout(p=0.0, inplace=False), True), ('vision_encoder.layers.1.blocks.1.attn.attn_drop', Dropout(p=0.0, inplace=False), True), ('vision_encoder.layers.1.blocks.1.attn.proj_drop', Dropout(p=0.0, inplace=False), True), ('vision_encoder.layers.1.blocks.1.mlp.drop', Dropout(p=0.0, inplace=False), True), ('vision_encoder.layers.2.blocks.0.attn.attn_drop', Dropout(p=0.0, inplace=False), True), ('vision_encoder.layers.2.blocks.0.attn.proj_drop', Dropout(p=0.0, inplace=False), True), ('vision_encoder.layers.2.blocks.0.mlp.drop', Dropout(p=0.0, inplace=False), True), ('vision_encoder.layers.2.blocks.1.attn.attn_drop', Dropout(p=0.0, inplace=False), True), ('vision_encoder.layers.2.blocks.1.attn.proj_drop', Dropout(p=0.0, inplace=False), True), ('vision_encoder.layers.2.blocks.1.mlp.drop', Dropout(p=0.0, inplace=False), True), ('vision_encoder.layers.2.blocks.2.attn.attn_drop', Dropout(p=0.0, inplace=False), True), ('vision_encoder.layers.2.blocks.2.attn.proj_drop', Dropout(p=0.0, inplace=False), True), ('vision_encoder.layers.2.blocks.2.mlp.drop', Dropout(p=0.0, inplace=False), True), ('vision_encoder.layers.2.blocks.3.attn.attn_drop', Dropout(p=0.0, inplace=False), True), ('vision_encoder.layers.2.blocks.3.attn.proj_drop', Dropout(p=0.0, inplace=False), True), ('vision_encoder.layers.2.blocks.3.mlp.drop', Dropout(p=0.0, inplace=False), True), ('vision_encoder.layers.2.blocks.4.attn.attn_drop', Dropout(p=0.0, inplace=False), True), ('vision_encoder.layers.2.blocks.4.attn.proj_drop', Dropout(p=0.0, inplace=False), True), ('vision_encoder.layers.2.blocks.4.mlp.drop', Dropout(p=0.0, inplace=False), True), ('vision_encoder.layers.2.blocks.5.attn.attn_drop', Dropout(p=0.0, inplace=False), True), ('vision_encoder.layers.2.blocks.5.attn.proj_drop', Dropout(p=0.0, inplace=False), True), ('vision_encoder.layers.2.blocks.5.mlp.drop', Dropout(p=0.0, inplace=False), True), ('vision_encoder.layers.2.blocks.6.attn.attn_drop', Dropout(p=0.0, inplace=False), True), ('vision_encoder.layers.2.blocks.6.attn.proj_drop', Dropout(p=0.0, inplace=False), True), ('vision_encoder.layers.2.blocks.6.mlp.drop', Dropout(p=0.0, inplace=False), True), ('vision_encoder.layers.2.blocks.7.attn.attn_drop', Dropout(p=0.0, inplace=False), True), ('vision_encoder.layers.2.blocks.7.attn.proj_drop', Dropout(p=0.0, inplace=False), True), ('vision_encoder.layers.2.blocks.7.mlp.drop', Dropout(p=0.0, inplace=False), True), ('vision_encoder.layers.2.blocks.8.attn.attn_drop', Dropout(p=0.0, inplace=False), True), ('vision_encoder.layers.2.blocks.8.attn.proj_drop', Dropout(p=0.0, inplace=False), True), ('vision_encoder.layers.2.blocks.8.mlp.drop', Dropout(p=0.0, inplace=False), True), ('vision_encoder.layers.2.blocks.9.attn.attn_drop', Dropout(p=0.0, inplace=False), True), ('vision_encoder.layers.2.blocks.9.attn.proj_drop', Dropout(p=0.0, inplace=False), True), ('vision_encoder.layers.2.blocks.9.mlp.drop', Dropout(p=0.0, inplace=False), True), ('vision_encoder.layers.2.blocks.10.attn.attn_drop', Dropout(p=0.0, inplace=False), True), ('vision_encoder.layers.2.blocks.10.attn.proj_drop', Dropout(p=0.0, inplace=False), True), ('vision_encoder.layers.2.blocks.10.mlp.drop', Dropout(p=0.0, inplace=False), True), ('vision_encoder.layers.2.blocks.11.attn.attn_drop', Dropout(p=0.0, inplace=False), True), ('vision_encoder.layers.2.blocks.11.attn.proj_drop', Dropout(p=0.0, inplace=False), True), ('vision_encoder.layers.2.blocks.11.mlp.drop', Dropout(p=0.0, inplace=False), True), ('vision_encoder.layers.2.blocks.12.attn.attn_drop', Dropout(p=0.0, inplace=False), True), ('vision_encoder.layers.2.blocks.12.attn.proj_drop', Dropout(p=0.0, inplace=False), True), ('vision_encoder.layers.2.blocks.12.mlp.drop', Dropout(p=0.0, inplace=False), True), ('vision_encoder.layers.2.blocks.13.attn.attn_drop', Dropout(p=0.0, inplace=False), True), ('vision_encoder.layers.2.blocks.13.attn.proj_drop', Dropout(p=0.0, inplace=False), True), ('vision_encoder.layers.2.blocks.13.mlp.drop', Dropout(p=0.0, inplace=False), True), ('vision_encoder.layers.2.blocks.14.attn.attn_drop', Dropout(p=0.0, inplace=False), True), ('vision_encoder.layers.2.blocks.14.attn.proj_drop', Dropout(p=0.0, inplace=False), True), ('vision_encoder.layers.2.blocks.14.mlp.drop', Dropout(p=0.0, inplace=False), True), ('vision_encoder.layers.2.blocks.15.attn.attn_drop', Dropout(p=0.0, inplace=False), True), ('vision_encoder.layers.2.blocks.15.attn.proj_drop', Dropout(p=0.0, inplace=False), True), ('vision_encoder.layers.2.blocks.15.mlp.drop', Dropout(p=0.0, inplace=False), True), ('vision_encoder.layers.2.blocks.16.attn.attn_drop', Dropout(p=0.0, inplace=False), True), ('vision_encoder.layers.2.blocks.16.attn.proj_drop', Dropout(p=0.0, inplace=False), True), ('vision_encoder.layers.2.blocks.16.mlp.drop', Dropout(p=0.0, inplace=False), True), ('vision_encoder.layers.2.blocks.17.attn.attn_drop', Dropout(p=0.0, inplace=False), True), ('vision_encoder.layers.2.blocks.17.attn.proj_drop', Dropout(p=0.0, inplace=False), True), ('vision_encoder.layers.2.blocks.17.mlp.drop', Dropout(p=0.0, inplace=False), True), ('vision_encoder.layers.3.blocks.0.attn.attn_drop', Dropout(p=0.0, inplace=False), True), ('vision_encoder.layers.3.blocks.0.attn.proj_drop', Dropout(p=0.0, inplace=False), True), ('vision_encoder.layers.3.blocks.0.mlp.drop', Dropout(p=0.0, inplace=False), True), ('vision_encoder.layers.3.blocks.1.attn.attn_drop', Dropout(p=0.0, inplace=False), True), ('vision_encoder.layers.3.blocks.1.attn.proj_drop', Dropout(p=0.0, inplace=False), True), ('vision_encoder.layers.3.blocks.1.mlp.drop', Dropout(p=0.0, inplace=False), True), ('text_encoder.bert.embeddings.dropout', Dropout(p=0.1, inplace=False), True), ('text_encoder.bert.encoder.layer.0.attention.self.dropout', Dropout(p=0.1, inplace=False), True), ('text_encoder.bert.encoder.layer.0.attention.output.dropout', Dropout(p=0.1, inplace=False), True), ('text_encoder.bert.encoder.layer.0.output.dropout', Dropout(p=0.1, inplace=False), True), ('text_encoder.bert.encoder.layer.1.attention.self.dropout', Dropout(p=0.1, inplace=False), True), ('text_encoder.bert.encoder.layer.1.attention.output.dropout', Dropout(p=0.1, inplace=False), True), ('text_encoder.bert.encoder.layer.1.output.dropout', Dropout(p=0.1, inplace=False), True), ('text_encoder.bert.encoder.layer.2.attention.self.dropout', Dropout(p=0.1, inplace=False), True), ('text_encoder.bert.encoder.layer.2.attention.output.dropout', Dropout(p=0.1, inplace=False), True), ('text_encoder.bert.encoder.layer.2.output.dropout', Dropout(p=0.1, inplace=False), True), ('text_encoder.bert.encoder.layer.3.attention.self.dropout', Dropout(p=0.1, inplace=False), True), ('text_encoder.bert.encoder.layer.3.attention.output.dropout', Dropout(p=0.1, inplace=False), True), ('text_encoder.bert.encoder.layer.3.output.dropout', Dropout(p=0.1, inplace=False), True), ('text_encoder.bert.encoder.layer.4.attention.self.dropout', Dropout(p=0.1, inplace=False), True), ('text_encoder.bert.encoder.layer.4.attention.output.dropout', Dropout(p=0.1, inplace=False), True), ('text_encoder.bert.encoder.layer.4.output.dropout', Dropout(p=0.1, inplace=False), True), ('text_encoder.bert.encoder.layer.5.attention.self.dropout', Dropout(p=0.1, inplace=False), True), ('text_encoder.bert.encoder.layer.5.attention.output.dropout', Dropout(p=0.1, inplace=False), True), ('text_encoder.bert.encoder.layer.5.output.dropout', Dropout(p=0.1, inplace=False), True), ('text_encoder.bert.encoder.layer.6.attention.self.dropout', Dropout(p=0.1, inplace=False), True), ('text_encoder.bert.encoder.layer.6.attention.output.dropout', Dropout(p=0.1, inplace=False), True), ('text_encoder.bert.encoder.layer.6.crossattention.self.dropout', Dropout(p=0.1, inplace=False), True), ('text_encoder.bert.encoder.layer.6.crossattention.output.dropout', Dropout(p=0.1, inplace=False), True), ('text_encoder.bert.encoder.layer.6.output.dropout', Dropout(p=0.1, inplace=False), True), ('text_encoder.bert.encoder.layer.7.attention.self.dropout', Dropout(p=0.1, inplace=False), True), ('text_encoder.bert.encoder.layer.7.attention.output.dropout', Dropout(p=0.1, inplace=False), True), ('text_encoder.bert.encoder.layer.7.crossattention.self.dropout', Dropout(p=0.1, inplace=False), True), ('text_encoder.bert.encoder.layer.7.crossattention.output.dropout', Dropout(p=0.1, inplace=False), True), ('text_encoder.bert.encoder.layer.7.output.dropout', Dropout(p=0.1, inplace=False), True), ('text_encoder.bert.encoder.layer.8.attention.self.dropout', Dropout(p=0.1, inplace=False), True), ('text_encoder.bert.encoder.layer.8.attention.output.dropout', Dropout(p=0.1, inplace=False), True), ('text_encoder.bert.encoder.layer.8.crossattention.self.dropout', Dropout(p=0.1, inplace=False), True), ('text_encoder.bert.encoder.layer.8.crossattention.output.dropout', Dropout(p=0.1, inplace=False), True), ('text_encoder.bert.encoder.layer.8.output.dropout', Dropout(p=0.1, inplace=False), True), ('text_encoder.bert.encoder.layer.9.attention.self.dropout', Dropout(p=0.1, inplace=False), True), ('text_encoder.bert.encoder.layer.9.attention.output.dropout', Dropout(p=0.1, inplace=False), True), ('text_encoder.bert.encoder.layer.9.crossattention.self.dropout', Dropout(p=0.1, inplace=False), True), ('text_encoder.bert.encoder.layer.9.crossattention.output.dropout', Dropout(p=0.1, inplace=False), True), ('text_encoder.bert.encoder.layer.9.output.dropout', Dropout(p=0.1, inplace=False), True), ('text_encoder.bert.encoder.layer.10.attention.self.dropout', Dropout(p=0.1, inplace=False), True), ('text_encoder.bert.encoder.layer.10.attention.output.dropout', Dropout(p=0.1, inplace=False), True), ('text_encoder.bert.encoder.layer.10.crossattention.self.dropout', Dropout(p=0.1, inplace=False), True), ('text_encoder.bert.encoder.layer.10.crossattention.output.dropout', Dropout(p=0.1, inplace=False), True), ('text_encoder.bert.encoder.layer.10.output.dropout', Dropout(p=0.1, inplace=False), True), ('text_encoder.bert.encoder.layer.11.attention.self.dropout', Dropout(p=0.1, inplace=False), True), ('text_encoder.bert.encoder.layer.11.attention.output.dropout', Dropout(p=0.1, inplace=False), True), ('text_encoder.bert.encoder.layer.11.crossattention.self.dropout', Dropout(p=0.1, inplace=False), True), ('text_encoder.bert.encoder.layer.11.crossattention.output.dropout', Dropout(p=0.1, inplace=False), True), ('text_encoder.bert.encoder.layer.11.output.dropout', Dropout(p=0.1, inplace=False), True)]
     TTA Require Gradient Params: 
 [('text_encoder.bert.embeddings.LayerNorm.weight', torch.Size([768])), ('text_encoder.bert.embeddings.LayerNorm.bias', torch.Size([768])), ('text_encoder.bert.encoder.layer.6.attention.output.LayerNorm.weight', torch.Size([768])), ('text_encoder.bert.encoder.layer.6.attention.output.LayerNorm.bias', torch.Size([768])), ('text_encoder.bert.encoder.layer.6.crossattention.output.LayerNorm.weight', torch.Size([768])), ('text_encoder.bert.encoder.layer.6.crossattention.output.LayerNorm.bias', torch.Size([768])), ('text_encoder.bert.encoder.layer.6.output.LayerNorm.weight', torch.Size([768])), ('text_encoder.bert.encoder.layer.6.output.LayerNorm.bias', torch.Size([768])), ('text_encoder.bert.encoder.layer.7.attention.output.LayerNorm.weight', torch.Size([768])), ('text_encoder.bert.encoder.layer.7.attention.output.LayerNorm.bias', torch.Size([768])), ('text_encoder.bert.encoder.layer.7.crossattention.output.LayerNorm.weight', torch.Size([768])), ('text_encoder.bert.encoder.layer.7.crossattention.output.LayerNorm.bias', torch.Size([768])), ('text_encoder.bert.encoder.layer.7.output.LayerNorm.weight', torch.Size([768])), ('text_encoder.bert.encoder.layer.7.output.LayerNorm.bias', torch.Size([768])), ('text_encoder.bert.encoder.layer.8.attention.output.LayerNorm.weight', torch.Size([768])), ('text_encoder.bert.encoder.layer.8.attention.output.LayerNorm.bias', torch.Size([768])), ('text_encoder.bert.encoder.layer.8.crossattention.output.LayerNorm.weight', torch.Size([768])), ('text_encoder.bert.encoder.layer.8.crossattention.output.LayerNorm.bias', torch.Size([768])), ('text_encoder.bert.encoder.layer.8.output.LayerNorm.weight', torch.Size([768])), ('text_encoder.bert.encoder.layer.8.output.LayerNorm.bias', torch.Size([768])), ('text_encoder.bert.encoder.layer.9.attention.output.LayerNorm.weight', torch.Size([768])), ('text_encoder.bert.encoder.layer.9.attention.output.LayerNorm.bias', torch.Size([768])), ('text_encoder.bert.encoder.layer.9.crossattention.output.LayerNorm.weight', torch.Size([768])), ('text_encoder.bert.encoder.layer.9.crossattention.output.LayerNorm.bias', torch.Size([768])), ('text_encoder.bert.encoder.layer.9.output.LayerNorm.weight', torch.Size([768])), ('text_encoder.bert.encoder.layer.9.output.LayerNorm.bias', torch.Size([768])), ('text_encoder.bert.encoder.layer.10.attention.output.LayerNorm.weight', torch.Size([768])), ('text_encoder.bert.encoder.layer.10.attention.output.LayerNorm.bias', torch.Size([768])), ('text_encoder.bert.encoder.layer.10.crossattention.output.LayerNorm.weight', torch.Size([768])), ('text_encoder.bert.encoder.layer.10.crossattention.output.LayerNorm.bias', torch.Size([768])), ('text_encoder.bert.encoder.layer.10.output.LayerNorm.weight', torch.Size([768])), ('text_encoder.bert.encoder.layer.10.output.LayerNorm.bias', torch.Size([768])), ('text_encoder.bert.encoder.layer.11.attention.output.LayerNorm.weight', torch.Size([768])), ('text_encoder.bert.encoder.layer.11.attention.output.LayerNorm.bias', torch.Size([768])), ('text_encoder.bert.encoder.layer.11.crossattention.output.LayerNorm.weight', torch.Size([768])), ('text_encoder.bert.encoder.layer.11.crossattention.output.LayerNorm.bias', torch.Size([768])), ('text_encoder.bert.encoder.layer.11.output.LayerNorm.weight', torch.Size([768])), ('text_encoder.bert.encoder.layer.11.output.LayerNorm.bias', torch.Size([768])), ('text_encoder.cls.predictions.transform.LayerNorm.weight', torch.Size([768])), ('text_encoder.cls.predictions.transform.LayerNorm.bias', torch.Size([768])), ('itm_head.1.weight', torch.Size([1536])), ('itm_head.1.bias', torch.Size([1536]))]
     TTA Dropout Modules Number: 
 122
     TTA Require Gradient Params Sum: 
 33792
     lr:  0.001    lr_mult:  2
     model has 'init_params',  363
     num_tta_steps:  11550
     num_warmup_steps:  100
     sched: step
### Start ITM Test Time Adaptation
      TTA Epoch: [0] [  0/384]  eta: 0:03:50  lr: 0.000010  entropy: 0.8004  loss: 2.9133  time: 0.6011  data: 0.4295  max mem: 5880
      TTA Epoch: [0] [100/384]  eta: 0:00:23  lr: 0.001000  entropy: 0.4020  loss: 2.7720  time: 0.0696  data: 0.0007  max mem: 5880
      TTA Epoch: [0] [200/384]  eta: 0:00:14  lr: 0.000991  entropy: 0.2231  loss: 2.7114  time: 0.0800  data: 0.0004  max mem: 5880
      TTA Epoch: [0] [300/384]  eta: 0:00:06  lr: 0.000982  entropy: 0.2963  loss: 2.7214  time: 0.0721  data: 0.0002  max mem: 5880
      TTA Epoch: [0] [383/384]  eta: 0:00:00  lr: 0.000975  entropy: 0.3068  loss: 2.7589  time: 0.0676  data: 0.0002  max mem: 5880
      TTA Epoch: [0] Total time: 0:00:28 (0.0745 s / it)
     Averaged stats: lr: 0.0009  entropy: 0.3901  loss: 2.7678
     itm tta time 0:00:28
     Computing matching score
      ITM Evaluation: [   0/6156]  eta: 0:05:39    time: 0.0551  data: 0.0096  max mem: 5880
      ITM Evaluation: [ 100/6156]  eta: 0:05:51    time: 0.0576  data: 0.0000  max mem: 5880
      ITM Evaluation: [ 200/6156]  eta: 0:05:59    time: 0.0685  data: 0.0000  max mem: 5880
      ITM Evaluation: [ 300/6156]  eta: 0:06:07    time: 0.0557  data: 0.0000  max mem: 5880
      ITM Evaluation: [ 400/6156]  eta: 0:06:00    time: 0.0700  data: 0.0000  max mem: 5880
      ITM Evaluation: [ 500/6156]  eta: 0:05:51    time: 0.0630  data: 0.0000  max mem: 5880
      ITM Evaluation: [ 600/6156]  eta: 0:05:45    time: 0.0605  data: 0.0000  max mem: 5880
      ITM Evaluation: [ 700/6156]  eta: 0:05:43    time: 0.0579  data: 0.0000  max mem: 5880
      ITM Evaluation: [ 800/6156]  eta: 0:05:31    time: 0.0553  data: 0.0000  max mem: 5880
      ITM Evaluation: [ 900/6156]  eta: 0:05:21    time: 0.0581  data: 0.0000  max mem: 5880
      ITM Evaluation: [1000/6156]  eta: 0:05:13    time: 0.0530  data: 0.0000  max mem: 5880
      ITM Evaluation: [1100/6156]  eta: 0:05:02    time: 0.0469  data: 0.0000  max mem: 5880
      ITM Evaluation: [1200/6156]  eta: 0:04:53    time: 0.0500  data: 0.0000  max mem: 5880
      ITM Evaluation: [1300/6156]  eta: 0:04:47    time: 0.0579  data: 0.0000  max mem: 5880
      ITM Evaluation: [1400/6156]  eta: 0:04:38    time: 0.0477  data: 0.0000  max mem: 5880
      ITM Evaluation: [1500/6156]  eta: 0:04:30    time: 0.0587  data: 0.0000  max mem: 5880
      ITM Evaluation: [1600/6156]  eta: 0:04:23    time: 0.0547  data: 0.0000  max mem: 5880
      ITM Evaluation: [1700/6156]  eta: 0:04:16    time: 0.0535  data: 0.0000  max mem: 5880
      ITM Evaluation: [1800/6156]  eta: 0:04:09    time: 0.0448  data: 0.0000  max mem: 5880
      ITM Evaluation: [1900/6156]  eta: 0:04:02    time: 0.0525  data: 0.0000  max mem: 5880
      ITM Evaluation: [2000/6156]  eta: 0:03:55    time: 0.0500  data: 0.0000  max mem: 5880
      ITM Evaluation: [2100/6156]  eta: 0:03:49    time: 0.0540  data: 0.0000  max mem: 5880
      ITM Evaluation: [2200/6156]  eta: 0:03:42    time: 0.0521  data: 0.0000  max mem: 5880
      ITM Evaluation: [2300/6156]  eta: 0:03:36    time: 0.0441  data: 0.0000  max mem: 5880
      ITM Evaluation: [2400/6156]  eta: 0:03:27    time: 0.0346  data: 0.0000  max mem: 5880
      ITM Evaluation: [2500/6156]  eta: 0:03:21    time: 0.0517  data: 0.0000  max mem: 5880
      ITM Evaluation: [2600/6156]  eta: 0:03:15    time: 0.0524  data: 0.0000  max mem: 5880
      ITM Evaluation: [2700/6156]  eta: 0:03:09    time: 0.0524  data: 0.0000  max mem: 5880
      ITM Evaluation: [2800/6156]  eta: 0:03:03    time: 0.0546  data: 0.0000  max mem: 5880
      ITM Evaluation: [2900/6156]  eta: 0:02:57    time: 0.0500  data: 0.0000  max mem: 5880
      ITM Evaluation: [3000/6156]  eta: 0:02:51    time: 0.0422  data: 0.0000  max mem: 5880
      ITM Evaluation: [3100/6156]  eta: 0:02:45    time: 0.0507  data: 0.0000  max mem: 5880
      ITM Evaluation: [3200/6156]  eta: 0:02:39    time: 0.0498  data: 0.0000  max mem: 5880
      ITM Evaluation: [3300/6156]  eta: 0:02:33    time: 0.0444  data: 0.0000  max mem: 5880
      ITM Evaluation: [3400/6156]  eta: 0:02:26    time: 0.0442  data: 0.0000  max mem: 5880
      ITM Evaluation: [3500/6156]  eta: 0:02:20    time: 0.0421  data: 0.0000  max mem: 5880
      ITM Evaluation: [3600/6156]  eta: 0:02:15    time: 0.0456  data: 0.0000  max mem: 5880
      ITM Evaluation: [3700/6156]  eta: 0:02:09    time: 0.0437  data: 0.0000  max mem: 5880
      ITM Evaluation: [3800/6156]  eta: 0:02:04    time: 0.0580  data: 0.0000  max mem: 5880
      ITM Evaluation: [3900/6156]  eta: 0:01:59    time: 0.0502  data: 0.0000  max mem: 5880
      ITM Evaluation: [4000/6156]  eta: 0:01:54    time: 0.0494  data: 0.0000  max mem: 5880
      ITM Evaluation: [4100/6156]  eta: 0:01:48    time: 0.0478  data: 0.0000  max mem: 5880
      ITM Evaluation: [4200/6156]  eta: 0:01:43    time: 0.0523  data: 0.0000  max mem: 5880
      ITM Evaluation: [4300/6156]  eta: 0:01:38    time: 0.0650  data: 0.0000  max mem: 5880
      ITM Evaluation: [4400/6156]  eta: 0:01:33    time: 0.0784  data: 0.0000  max mem: 5880
      ITM Evaluation: [4500/6156]  eta: 0:01:29    time: 0.0553  data: 0.0000  max mem: 5880
      ITM Evaluation: [4600/6156]  eta: 0:01:23    time: 0.0507  data: 0.0000  max mem: 5880
      ITM Evaluation: [4700/6156]  eta: 0:01:18    time: 0.0538  data: 0.0000  max mem: 5880
      ITM Evaluation: [4800/6156]  eta: 0:01:12    time: 0.0534  data: 0.0000  max mem: 5880
      ITM Evaluation: [4900/6156]  eta: 0:01:07    time: 0.0458  data: 0.0000  max mem: 5880
      ITM Evaluation: [5000/6156]  eta: 0:01:01    time: 0.0497  data: 0.0000  max mem: 5880
      ITM Evaluation: [5100/6156]  eta: 0:00:56    time: 0.0442  data: 0.0000  max mem: 5880
      ITM Evaluation: [5200/6156]  eta: 0:00:51    time: 0.0551  data: 0.0000  max mem: 5880
      ITM Evaluation: [5300/6156]  eta: 0:00:45    time: 0.0491  data: 0.0000  max mem: 5880
      ITM Evaluation: [5400/6156]  eta: 0:00:40    time: 0.0482  data: 0.0000  max mem: 5880
      ITM Evaluation: [5500/6156]  eta: 0:00:34    time: 0.0462  data: 0.0000  max mem: 5880
      ITM Evaluation: [5600/6156]  eta: 0:00:29    time: 0.0431  data: 0.0000  max mem: 5880
      ITM Evaluation: [5700/6156]  eta: 0:00:24    time: 0.0495  data: 0.0000  max mem: 5880
      ITM Evaluation: [5800/6156]  eta: 0:00:18    time: 0.0507  data: 0.0000  max mem: 5880
      ITM Evaluation: [5900/6156]  eta: 0:00:13    time: 0.0571  data: 0.0000  max mem: 5880
      ITM Evaluation: [6000/6156]  eta: 0:00:08    time: 0.0615  data: 0.0000  max mem: 5880
      ITM Evaluation: [6100/6156]  eta: 0:00:02    time: 0.0604  data: 0.0000  max mem: 5880
      ITM Evaluation: [6155/6156]  eta: 0:00:00    time: 0.0612  data: 0.0000  max mem: 5880
      ITM Evaluation: Total time: 0:05:28 (0.0534 s / it)
     total_time 328.97617077827454
     Computing matching score time 0:05:28
### TTA ITM Score: 
+-------+--------+--------+--------+--------+--------+
| epoch |   R1   |   R5   |  R10   |  mAP   |  mINP  |
+-------+--------+--------+--------+--------+--------+
|  -999 | 70.760 | 87.378 | 92.268 | 63.849 | 48.174 |
|  -999 | 76.170 | 89.457 | 93.600 | 65.570 | 47.372 |
|   0   | 72.515 | 87.995 | 92.755 | 63.667 | 46.510 |
+-------+--------+--------+--------+--------+--------+
     logs:  {'epo': 0, 'R1': 72.515, 'R5': 87.995, 'R10': 92.755, 'mAP': 63.667, 'mINP': 46.51, 'lr': 0.000862, 'entropy': 0.390059, 'loss': 2.76784}
      TTA Epoch: [1] [  0/384]  eta: 0:04:10  lr: 0.000975  entropy: 0.2405  loss: 2.7154  time: 0.6536  data: 0.5000  max mem: 5880
      TTA Epoch: [1] [100/384]  eta: 0:00:22  lr: 0.000483  entropy: 0.2235  loss: 2.6998  time: 0.0754  data: 0.0002  max mem: 5880
      TTA Epoch: [1] [200/384]  eta: 0:00:13  lr: 0.000479  entropy: 0.3689  loss: 2.7658  time: 0.0689  data: 0.0002  max mem: 5880
      TTA Epoch: [1] [300/384]  eta: 0:00:06  lr: 0.000474  entropy: 0.2255  loss: 2.7016  time: 0.0707  data: 0.0003  max mem: 5880
      TTA Epoch: [1] [383/384]  eta: 0:00:00  lr: 0.000188  entropy: 0.2967  loss: 2.7548  time: 0.0905  data: 0.0003  max mem: 5880
      TTA Epoch: [1] Total time: 0:00:29 (0.0757 s / it)
     Averaged stats: lr: 0.0004  entropy: 0.2017  loss: 2.6961
     itm tta time 0:00:29
     Computing matching score
      ITM Evaluation: [   0/6156]  eta: 0:07:26    time: 0.0725  data: 0.0210  max mem: 5880
      ITM Evaluation: [ 100/6156]  eta: 0:06:05    time: 0.0578  data: 0.0000  max mem: 5880
      ITM Evaluation: [ 200/6156]  eta: 0:05:47    time: 0.0560  data: 0.0000  max mem: 5880
      ITM Evaluation: [ 300/6156]  eta: 0:05:42    time: 0.0595  data: 0.0000  max mem: 5880
      ITM Evaluation: [ 400/6156]  eta: 0:05:32    time: 0.0566  data: 0.0000  max mem: 5880
      ITM Evaluation: [ 500/6156]  eta: 0:05:24    time: 0.0572  data: 0.0000  max mem: 5880
      ITM Evaluation: [ 600/6156]  eta: 0:05:20    time: 0.0571  data: 0.0000  max mem: 5880
      ITM Evaluation: [ 700/6156]  eta: 0:05:17    time: 0.0643  data: 0.0000  max mem: 5880
      ITM Evaluation: [ 800/6156]  eta: 0:05:13    time: 0.0560  data: 0.0000  max mem: 5880
      ITM Evaluation: [ 900/6156]  eta: 0:05:06    time: 0.0559  data: 0.0000  max mem: 5880
      ITM Evaluation: [1000/6156]  eta: 0:04:58    time: 0.0574  data: 0.0000  max mem: 5880
      ITM Evaluation: [1100/6156]  eta: 0:04:51    time: 0.0563  data: 0.0000  max mem: 5880
      ITM Evaluation: [1200/6156]  eta: 0:04:45    time: 0.0548  data: 0.0000  max mem: 5880
      ITM Evaluation: [1300/6156]  eta: 0:04:38    time: 0.0525  data: 0.0000  max mem: 5880
      ITM Evaluation: [1400/6156]  eta: 0:04:32    time: 0.0545  data: 0.0000  max mem: 5880
      ITM Evaluation: [1500/6156]  eta: 0:04:29    time: 0.0609  data: 0.0000  max mem: 5880
      ITM Evaluation: [1600/6156]  eta: 0:04:22    time: 0.0523  data: 0.0000  max mem: 5880
      ITM Evaluation: [1700/6156]  eta: 0:04:16    time: 0.0602  data: 0.0000  max mem: 5880
      ITM Evaluation: [1800/6156]  eta: 0:04:10    time: 0.0506  data: 0.0000  max mem: 5880
      ITM Evaluation: [1900/6156]  eta: 0:04:04    time: 0.0626  data: 0.0000  max mem: 5880
      ITM Evaluation: [2000/6156]  eta: 0:03:58    time: 0.0585  data: 0.0000  max mem: 5880
      ITM Evaluation: [2100/6156]  eta: 0:03:50    time: 0.0383  data: 0.0000  max mem: 5880
      ITM Evaluation: [2200/6156]  eta: 0:03:44    time: 0.0604  data: 0.0000  max mem: 5880
      ITM Evaluation: [2300/6156]  eta: 0:03:39    time: 0.0547  data: 0.0000  max mem: 5880
      ITM Evaluation: [2400/6156]  eta: 0:03:33    time: 0.0579  data: 0.0000  max mem: 5880
      ITM Evaluation: [2500/6156]  eta: 0:03:28    time: 0.0567  data: 0.0000  max mem: 5880
      ITM Evaluation: [2600/6156]  eta: 0:03:22    time: 0.0518  data: 0.0000  max mem: 5880
      ITM Evaluation: [2700/6156]  eta: 0:03:15    time: 0.0566  data: 0.0000  max mem: 5880
      ITM Evaluation: [2800/6156]  eta: 0:03:09    time: 0.0533  data: 0.0000  max mem: 5880
      ITM Evaluation: [2900/6156]  eta: 0:03:04    time: 0.0633  data: 0.0000  max mem: 5880
      ITM Evaluation: [3000/6156]  eta: 0:02:59    time: 0.0613  data: 0.0000  max mem: 5880
      ITM Evaluation: [3100/6156]  eta: 0:02:53    time: 0.0561  data: 0.0000  max mem: 5880
      ITM Evaluation: [3200/6156]  eta: 0:02:47    time: 0.0545  data: 0.0000  max mem: 5880
      ITM Evaluation: [3300/6156]  eta: 0:02:41    time: 0.0553  data: 0.0000  max mem: 5880
      ITM Evaluation: [3400/6156]  eta: 0:02:36    time: 0.0613  data: 0.0000  max mem: 5880
      ITM Evaluation: [3500/6156]  eta: 0:02:30    time: 0.0526  data: 0.0000  max mem: 5880
      ITM Evaluation: [3600/6156]  eta: 0:02:24    time: 0.0568  data: 0.0000  max mem: 5880
      ITM Evaluation: [3700/6156]  eta: 0:02:19    time: 0.0601  data: 0.0000  max mem: 5880
      ITM Evaluation: [3800/6156]  eta: 0:02:13    time: 0.0523  data: 0.0000  max mem: 5880
      ITM Evaluation: [3900/6156]  eta: 0:02:07    time: 0.0628  data: 0.0000  max mem: 5880
      ITM Evaluation: [4000/6156]  eta: 0:02:02    time: 0.0550  data: 0.0000  max mem: 5880
      ITM Evaluation: [4100/6156]  eta: 0:01:56    time: 0.0507  data: 0.0000  max mem: 5880
      ITM Evaluation: [4200/6156]  eta: 0:01:50    time: 0.0503  data: 0.0000  max mem: 5880
      ITM Evaluation: [4300/6156]  eta: 0:01:44    time: 0.0565  data: 0.0000  max mem: 5880
      ITM Evaluation: [4400/6156]  eta: 0:01:39    time: 0.0592  data: 0.0000  max mem: 5880
      ITM Evaluation: [4500/6156]  eta: 0:01:33    time: 0.0612  data: 0.0000  max mem: 5880
      ITM Evaluation: [4600/6156]  eta: 0:01:28    time: 0.0571  data: 0.0000  max mem: 5880
      ITM Evaluation: [4700/6156]  eta: 0:01:22    time: 0.0558  data: 0.0000  max mem: 5880
      ITM Evaluation: [4800/6156]  eta: 0:01:16    time: 0.0547  data: 0.0000  max mem: 5880
      ITM Evaluation: [4900/6156]  eta: 0:01:11    time: 0.0508  data: 0.0000  max mem: 5880
      ITM Evaluation: [5000/6156]  eta: 0:01:05    time: 0.0527  data: 0.0000  max mem: 5880
      ITM Evaluation: [5100/6156]  eta: 0:00:59    time: 0.0623  data: 0.0000  max mem: 5880
      ITM Evaluation: [5200/6156]  eta: 0:00:54    time: 0.0578  data: 0.0000  max mem: 5880
      ITM Evaluation: [5300/6156]  eta: 0:00:48    time: 0.0572  data: 0.0000  max mem: 5880
      ITM Evaluation: [5400/6156]  eta: 0:00:42    time: 0.0505  data: 0.0000  max mem: 5880
      ITM Evaluation: [5500/6156]  eta: 0:00:37    time: 0.0552  data: 0.0000  max mem: 5880
      ITM Evaluation: [5600/6156]  eta: 0:00:31    time: 0.0568  data: 0.0000  max mem: 5880
      ITM Evaluation: [5700/6156]  eta: 0:00:25    time: 0.0551  data: 0.0000  max mem: 5880
      ITM Evaluation: [5800/6156]  eta: 0:00:20    time: 0.0580  data: 0.0000  max mem: 5880
      ITM Evaluation: [5900/6156]  eta: 0:00:14    time: 0.0567  data: 0.0000  max mem: 5880
      ITM Evaluation: [6000/6156]  eta: 0:00:08    time: 0.0530  data: 0.0000  max mem: 5880
      ITM Evaluation: [6100/6156]  eta: 0:00:03    time: 0.0549  data: 0.0000  max mem: 5880
      ITM Evaluation: [6155/6156]  eta: 0:00:00    time: 0.0512  data: 0.0000  max mem: 5880
      ITM Evaluation: Total time: 0:05:46 (0.0563 s / it)
     total_time 346.9368917942047
     Computing matching score time 0:05:46
### TTA ITM Score: 
+-------+--------+--------+--------+--------+--------+
| epoch |   R1   |   R5   |  R10   |  mAP   |  mINP  |
+-------+--------+--------+--------+--------+--------+
|  -999 | 70.760 | 87.378 | 92.268 | 63.849 | 48.174 |
|  -999 | 76.170 | 89.457 | 93.600 | 65.570 | 47.372 |
|   0   | 72.515 | 87.995 | 92.755 | 63.667 | 46.510 |
|   1   | 66.017 | 88.028 | 92.755 | 59.757 | 42.799 |
+-------+--------+--------+--------+--------+--------+
     logs:  {'epo': 1, 'R1': 66.017, 'R5': 88.028, 'R10': 92.755, 'mAP': 59.757, 'mINP': 42.799, 'lr': 0.000447, 'entropy': 0.201706, 'loss': 2.696135}
      TTA Epoch: [2] [  0/384]  eta: 0:04:03  lr: 0.000188  entropy: 0.1593  loss: 2.6622  time: 0.6340  data: 0.4997  max mem: 5880
      TTA Epoch: [2] [100/384]  eta: 0:00:20  lr: 0.000187  entropy: 0.0860  loss: 2.6685  time: 0.0690  data: 0.0002  max mem: 5880
      TTA Epoch: [2] [200/384]  eta: 0:00:12  lr: 0.000185  entropy: 0.2050  loss: 2.7052  time: 0.0687  data: 0.0002  max mem: 5880
      TTA Epoch: [2] [300/384]  eta: 0:00:06  lr: 0.000183  entropy: 0.1074  loss: 2.6364  time: 0.0877  data: 0.0004  max mem: 5880
      TTA Epoch: [2] [383/384]  eta: 0:00:00  lr: 0.000182  entropy: 0.1808  loss: 2.7043  time: 0.0681  data: 0.0002  max mem: 5880
      TTA Epoch: [2] Total time: 0:00:28 (0.0731 s / it)
     Averaged stats: lr: 0.0002  entropy: 0.1776  loss: 2.6871
     itm tta time 0:00:28
     Computing matching score
      ITM Evaluation: [   0/6156]  eta: 0:06:08    time: 0.0598  data: 0.0060  max mem: 5880
      ITM Evaluation: [ 100/6156]  eta: 0:05:39    time: 0.0582  data: 0.0000  max mem: 5880
      ITM Evaluation: [ 200/6156]  eta: 0:05:19    time: 0.0496  data: 0.0000  max mem: 5880
      ITM Evaluation: [ 300/6156]  eta: 0:05:14    time: 0.0545  data: 0.0000  max mem: 5880
      ITM Evaluation: [ 400/6156]  eta: 0:05:10    time: 0.0579  data: 0.0000  max mem: 5880
      ITM Evaluation: [ 500/6156]  eta: 0:05:07    time: 0.0527  data: 0.0000  max mem: 5880
      ITM Evaluation: [ 600/6156]  eta: 0:05:07    time: 0.0599  data: 0.0000  max mem: 5880
      ITM Evaluation: [ 700/6156]  eta: 0:05:06    time: 0.0499  data: 0.0000  max mem: 5880
      ITM Evaluation: [ 800/6156]  eta: 0:04:59    time: 0.0543  data: 0.0000  max mem: 5880
      ITM Evaluation: [ 900/6156]  eta: 0:04:53    time: 0.0566  data: 0.0000  max mem: 5880
      ITM Evaluation: [1000/6156]  eta: 0:04:48    time: 0.0542  data: 0.0000  max mem: 5880
      ITM Evaluation: [1100/6156]  eta: 0:04:44    time: 0.0607  data: 0.0000  max mem: 5880
      ITM Evaluation: [1200/6156]  eta: 0:04:38    time: 0.0572  data: 0.0000  max mem: 5880
      ITM Evaluation: [1300/6156]  eta: 0:04:32    time: 0.0594  data: 0.0000  max mem: 5880
      ITM Evaluation: [1400/6156]  eta: 0:04:30    time: 0.0622  data: 0.0000  max mem: 5880
      ITM Evaluation: [1500/6156]  eta: 0:04:24    time: 0.0547  data: 0.0000  max mem: 5880
      ITM Evaluation: [1600/6156]  eta: 0:04:18    time: 0.0558  data: 0.0000  max mem: 5880
      ITM Evaluation: [1700/6156]  eta: 0:04:12    time: 0.0588  data: 0.0000  max mem: 5880
      ITM Evaluation: [1800/6156]  eta: 0:04:07    time: 0.0540  data: 0.0000  max mem: 5880
      ITM Evaluation: [1900/6156]  eta: 0:03:59    time: 0.0399  data: 0.0000  max mem: 5880
      ITM Evaluation: [2000/6156]  eta: 0:03:53    time: 0.0577  data: 0.0000  max mem: 5880
      ITM Evaluation: [2100/6156]  eta: 0:03:48    time: 0.0580  data: 0.0000  max mem: 5880
      ITM Evaluation: [2200/6156]  eta: 0:03:43    time: 0.0586  data: 0.0000  max mem: 5880
      ITM Evaluation: [2300/6156]  eta: 0:03:38    time: 0.0570  data: 0.0000  max mem: 5880
      ITM Evaluation: [2400/6156]  eta: 0:03:32    time: 0.0512  data: 0.0000  max mem: 5880
      ITM Evaluation: [2500/6156]  eta: 0:03:26    time: 0.0573  data: 0.0000  max mem: 5880
      ITM Evaluation: [2600/6156]  eta: 0:03:20    time: 0.0523  data: 0.0000  max mem: 5880
      ITM Evaluation: [2700/6156]  eta: 0:03:14    time: 0.0526  data: 0.0000  max mem: 5880
      ITM Evaluation: [2800/6156]  eta: 0:03:09    time: 0.0613  data: 0.0000  max mem: 5880
      ITM Evaluation: [2900/6156]  eta: 0:03:04    time: 0.0574  data: 0.0000  max mem: 5880
      ITM Evaluation: [3000/6156]  eta: 0:02:58    time: 0.0553  data: 0.0000  max mem: 5880
      ITM Evaluation: [3100/6156]  eta: 0:02:52    time: 0.0593  data: 0.0000  max mem: 5880
      ITM Evaluation: [3200/6156]  eta: 0:02:46    time: 0.0528  data: 0.0000  max mem: 5880
      ITM Evaluation: [3300/6156]  eta: 0:02:41    time: 0.0512  data: 0.0000  max mem: 5880
      ITM Evaluation: [3400/6156]  eta: 0:02:35    time: 0.0526  data: 0.0000  max mem: 5880
      ITM Evaluation: [3500/6156]  eta: 0:02:29    time: 0.0474  data: 0.0000  max mem: 5880
      ITM Evaluation: [3600/6156]  eta: 0:02:23    time: 0.0580  data: 0.0000  max mem: 5880
      ITM Evaluation: [3700/6156]  eta: 0:02:18    time: 0.0586  data: 0.0000  max mem: 5880
      ITM Evaluation: [3800/6156]  eta: 0:02:12    time: 0.0565  data: 0.0000  max mem: 5880
      ITM Evaluation: [3900/6156]  eta: 0:02:06    time: 0.0522  data: 0.0000  max mem: 5880
      ITM Evaluation: [4000/6156]  eta: 0:02:00    time: 0.0523  data: 0.0000  max mem: 5880
      ITM Evaluation: [4100/6156]  eta: 0:01:55    time: 0.0515  data: 0.0000  max mem: 5880
      ITM Evaluation: [4200/6156]  eta: 0:01:49    time: 0.0523  data: 0.0000  max mem: 5880
      ITM Evaluation: [4300/6156]  eta: 0:01:44    time: 0.0684  data: 0.0000  max mem: 5880
      ITM Evaluation: [4400/6156]  eta: 0:01:38    time: 0.0575  data: 0.0000  max mem: 5880
      ITM Evaluation: [4500/6156]  eta: 0:01:33    time: 0.0546  data: 0.0000  max mem: 5880
      ITM Evaluation: [4600/6156]  eta: 0:01:27    time: 0.0571  data: 0.0000  max mem: 5880
      ITM Evaluation: [4700/6156]  eta: 0:01:21    time: 0.0550  data: 0.0000  max mem: 5880
      ITM Evaluation: [4800/6156]  eta: 0:01:16    time: 0.0604  data: 0.0000  max mem: 5880
      ITM Evaluation: [4900/6156]  eta: 0:01:10    time: 0.0551  data: 0.0000  max mem: 5880
      ITM Evaluation: [5000/6156]  eta: 0:01:04    time: 0.0639  data: 0.0000  max mem: 5880
      ITM Evaluation: [5100/6156]  eta: 0:00:59    time: 0.0539  data: 0.0000  max mem: 5880
      ITM Evaluation: [5200/6156]  eta: 0:00:53    time: 0.0581  data: 0.0000  max mem: 5880
      ITM Evaluation: [5300/6156]  eta: 0:00:48    time: 0.0527  data: 0.0000  max mem: 5880
      ITM Evaluation: [5400/6156]  eta: 0:00:42    time: 0.0494  data: 0.0000  max mem: 5880
      ITM Evaluation: [5500/6156]  eta: 0:00:36    time: 0.0444  data: 0.0000  max mem: 5880
      ITM Evaluation: [5600/6156]  eta: 0:00:31    time: 0.0532  data: 0.0000  max mem: 5880
      ITM Evaluation: [5700/6156]  eta: 0:00:25    time: 0.0592  data: 0.0000  max mem: 5880
      ITM Evaluation: [5800/6156]  eta: 0:00:20    time: 0.0602  data: 0.0000  max mem: 5880
      ITM Evaluation: [5900/6156]  eta: 0:00:14    time: 0.0605  data: 0.0000  max mem: 5880
      ITM Evaluation: [6000/6156]  eta: 0:00:08    time: 0.0571  data: 0.0000  max mem: 5880
      ITM Evaluation: [6100/6156]  eta: 0:00:03    time: 0.0473  data: 0.0000  max mem: 5880
      ITM Evaluation: [6155/6156]  eta: 0:00:00    time: 0.0563  data: 0.0000  max mem: 5880
      ITM Evaluation: Total time: 0:05:46 (0.0563 s / it)
     total_time 346.6217052936554
     Computing matching score time 0:05:46
### TTA ITM Score: 
+-------+--------+--------+--------+--------+--------+
| epoch |   R1   |   R5   |  R10   |  mAP   |  mINP  |
+-------+--------+--------+--------+--------+--------+
|  -999 | 70.760 | 87.378 | 92.268 | 63.849 | 48.174 |
|  -999 | 76.170 | 89.457 | 93.600 | 65.570 | 47.372 |
|   0   | 72.515 | 87.995 | 92.755 | 63.667 | 46.510 |
|   1   | 66.017 | 88.028 | 92.755 | 59.757 | 42.799 |
|   2   | 59.292 | 86.468 | 92.560 | 55.894 | 40.283 |
+-------+--------+--------+--------+--------+--------+
     logs:  {'epo': 2, 'R1': 59.292, 'R5': 86.468, 'R10': 92.56, 'mAP': 55.894, 'mINP': 40.283, 'lr': 0.000185, 'entropy': 0.177587, 'loss': 2.687091}
      TTA Epoch: [3] [  0/384]  eta: 0:04:32  lr: 0.000182  entropy: 0.2064  loss: 2.7040  time: 0.7104  data: 0.5531  max mem: 5880
      TTA Epoch: [3] [100/384]  eta: 0:00:22  lr: 0.000180  entropy: 0.0553  loss: 2.6196  time: 0.0703  data: 0.0002  max mem: 5880
      TTA Epoch: [3] [200/384]  eta: 0:00:13  lr: 0.000178  entropy: 0.2070  loss: 2.7000  time: 0.0678  data: 0.0002  max mem: 5880
      TTA Epoch: [3] [300/384]  eta: 0:00:06  lr: 0.000176  entropy: 0.1481  loss: 2.6464  time: 0.0720  data: 0.0003  max mem: 5880
      TTA Epoch: [3] [383/384]  eta: 0:00:00  lr: 0.000175  entropy: 0.1125  loss: 2.6591  time: 0.0691  data: 0.0002  max mem: 5880
      TTA Epoch: [3] Total time: 0:00:28 (0.0731 s / it)
     Averaged stats: lr: 0.0002  entropy: 0.1692  loss: 2.6839
     itm tta time 0:00:28
     Computing matching score
      ITM Evaluation: [   0/6156]  eta: 0:04:36    time: 0.0450  data: 0.0068  max mem: 5880
      ITM Evaluation: [ 100/6156]  eta: 0:06:15    time: 0.0518  data: 0.0000  max mem: 5880
      ITM Evaluation: [ 200/6156]  eta: 0:06:46    time: 0.0943  data: 0.0000  max mem: 5880
      ITM Evaluation: [ 300/6156]  eta: 0:06:34    time: 0.0589  data: 0.0000  max mem: 5880
      ITM Evaluation: [ 400/6156]  eta: 0:06:16    time: 0.0640  data: 0.0000  max mem: 5880
      ITM Evaluation: [ 500/6156]  eta: 0:06:12    time: 0.0718  data: 0.0000  max mem: 5880
      ITM Evaluation: [ 600/6156]  eta: 0:06:07    time: 0.0684  data: 0.0000  max mem: 5880
      ITM Evaluation: [ 700/6156]  eta: 0:05:55    time: 0.0569  data: 0.0000  max mem: 5880
      ITM Evaluation: [ 800/6156]  eta: 0:05:45    time: 0.0558  data: 0.0000  max mem: 5880
      ITM Evaluation: [ 900/6156]  eta: 0:05:33    time: 0.0483  data: 0.0000  max mem: 5880
      ITM Evaluation: [1000/6156]  eta: 0:05:22    time: 0.0547  data: 0.0000  max mem: 5880
      ITM Evaluation: [1100/6156]  eta: 0:05:11    time: 0.0506  data: 0.0000  max mem: 5880
      ITM Evaluation: [1200/6156]  eta: 0:05:03    time: 0.0544  data: 0.0000  max mem: 5880
      ITM Evaluation: [1300/6156]  eta: 0:04:55    time: 0.0520  data: 0.0000  max mem: 5880
      ITM Evaluation: [1400/6156]  eta: 0:04:47    time: 0.0543  data: 0.0000  max mem: 5880
      ITM Evaluation: [1500/6156]  eta: 0:04:39    time: 0.0500  data: 0.0000  max mem: 5880
      ITM Evaluation: [1600/6156]  eta: 0:04:28    time: 0.0390  data: 0.0000  max mem: 5880
      ITM Evaluation: [1700/6156]  eta: 0:04:22    time: 0.0599  data: 0.0000  max mem: 5880
      ITM Evaluation: [1800/6156]  eta: 0:04:17    time: 0.0628  data: 0.0000  max mem: 5880
      ITM Evaluation: [1900/6156]  eta: 0:04:11    time: 0.0594  data: 0.0000  max mem: 5880
      ITM Evaluation: [2000/6156]  eta: 0:04:04    time: 0.0544  data: 0.0000  max mem: 5880
      ITM Evaluation: [2100/6156]  eta: 0:03:58    time: 0.0495  data: 0.0000  max mem: 5880
      ITM Evaluation: [2200/6156]  eta: 0:03:52    time: 0.0542  data: 0.0000  max mem: 5880
      ITM Evaluation: [2300/6156]  eta: 0:03:45    time: 0.0539  data: 0.0000  max mem: 5880
      ITM Evaluation: [2400/6156]  eta: 0:03:39    time: 0.0569  data: 0.0000  max mem: 5880
      ITM Evaluation: [2500/6156]  eta: 0:03:32    time: 0.0485  data: 0.0000  max mem: 5880
      ITM Evaluation: [2600/6156]  eta: 0:03:26    time: 0.0536  data: 0.0000  max mem: 5880
      ITM Evaluation: [2700/6156]  eta: 0:03:19    time: 0.0568  data: 0.0000  max mem: 5880
      ITM Evaluation: [2800/6156]  eta: 0:03:13    time: 0.0601  data: 0.0000  max mem: 5880
      ITM Evaluation: [2900/6156]  eta: 0:03:07    time: 0.0544  data: 0.0000  max mem: 5880
      ITM Evaluation: [3000/6156]  eta: 0:03:01    time: 0.0509  data: 0.0000  max mem: 5880
      ITM Evaluation: [3100/6156]  eta: 0:02:55    time: 0.0558  data: 0.0000  max mem: 5880
      ITM Evaluation: [3200/6156]  eta: 0:02:49    time: 0.0528  data: 0.0000  max mem: 5880
      ITM Evaluation: [3300/6156]  eta: 0:02:43    time: 0.0554  data: 0.0000  max mem: 5880
      ITM Evaluation: [3400/6156]  eta: 0:02:37    time: 0.0504  data: 0.0000  max mem: 5880
      ITM Evaluation: [3500/6156]  eta: 0:02:31    time: 0.0534  data: 0.0000  max mem: 5880
      ITM Evaluation: [3600/6156]  eta: 0:02:25    time: 0.0588  data: 0.0000  max mem: 5880
      ITM Evaluation: [3700/6156]  eta: 0:02:19    time: 0.0555  data: 0.0000  max mem: 5880
      ITM Evaluation: [3800/6156]  eta: 0:02:13    time: 0.0462  data: 0.0000  max mem: 5880
      ITM Evaluation: [3900/6156]  eta: 0:02:07    time: 0.0531  data: 0.0000  max mem: 5880
      ITM Evaluation: [4000/6156]  eta: 0:02:01    time: 0.0485  data: 0.0000  max mem: 5880
      ITM Evaluation: [4100/6156]  eta: 0:01:56    time: 0.0556  data: 0.0000  max mem: 5880
      ITM Evaluation: [4200/6156]  eta: 0:01:50    time: 0.0515  data: 0.0000  max mem: 5880
      ITM Evaluation: [4300/6156]  eta: 0:01:44    time: 0.0536  data: 0.0000  max mem: 5880
      ITM Evaluation: [4400/6156]  eta: 0:01:38    time: 0.0564  data: 0.0000  max mem: 5880
      ITM Evaluation: [4500/6156]  eta: 0:01:33    time: 0.0533  data: 0.0000  max mem: 5880
      ITM Evaluation: [4600/6156]  eta: 0:01:27    time: 0.0570  data: 0.0000  max mem: 5880
      ITM Evaluation: [4700/6156]  eta: 0:01:21    time: 0.0532  data: 0.0000  max mem: 5880
      ITM Evaluation: [4800/6156]  eta: 0:01:16    time: 0.0587  data: 0.0000  max mem: 5880
      ITM Evaluation: [4900/6156]  eta: 0:01:10    time: 0.0552  data: 0.0000  max mem: 5880
      ITM Evaluation: [5000/6156]  eta: 0:01:04    time: 0.0503  data: 0.0000  max mem: 5880
      ITM Evaluation: [5100/6156]  eta: 0:00:59    time: 0.0627  data: 0.0000  max mem: 5880
      ITM Evaluation: [5200/6156]  eta: 0:00:53    time: 0.0544  data: 0.0000  max mem: 5880
      ITM Evaluation: [5300/6156]  eta: 0:00:47    time: 0.0497  data: 0.0000  max mem: 5880
      ITM Evaluation: [5400/6156]  eta: 0:00:42    time: 0.0487  data: 0.0000  max mem: 5880
      ITM Evaluation: [5500/6156]  eta: 0:00:36    time: 0.0498  data: 0.0000  max mem: 5880
      ITM Evaluation: [5600/6156]  eta: 0:00:30    time: 0.0508  data: 0.0000  max mem: 5880
      ITM Evaluation: [5700/6156]  eta: 0:00:25    time: 0.0566  data: 0.0000  max mem: 5880
      ITM Evaluation: [5800/6156]  eta: 0:00:19    time: 0.0582  data: 0.0000  max mem: 5880
      ITM Evaluation: [5900/6156]  eta: 0:00:14    time: 0.0540  data: 0.0000  max mem: 5880
      ITM Evaluation: [6000/6156]  eta: 0:00:08    time: 0.0509  data: 0.0000  max mem: 5880
      ITM Evaluation: [6100/6156]  eta: 0:00:03    time: 0.0517  data: 0.0000  max mem: 5880
      ITM Evaluation: [6155/6156]  eta: 0:00:00    time: 0.0548  data: 0.0000  max mem: 5880
      ITM Evaluation: Total time: 0:05:42 (0.0556 s / it)
     total_time 342.1983666419983
     Computing matching score time 0:05:42
### TTA ITM Score: 
+-------+--------+--------+--------+--------+--------+
| epoch |   R1   |   R5   |  R10   |  mAP   |  mINP  |
+-------+--------+--------+--------+--------+--------+
|  -999 | 70.760 | 87.378 | 92.268 | 63.849 | 48.174 |
|  -999 | 76.170 | 89.457 | 93.600 | 65.570 | 47.372 |
|   0   | 72.515 | 87.995 | 92.755 | 63.667 | 46.510 |
|   1   | 66.017 | 88.028 | 92.755 | 59.757 | 42.799 |
|   2   | 59.292 | 86.468 | 92.560 | 55.894 | 40.283 |
|   3   | 60.120 | 86.680 | 92.154 | 56.315 | 39.918 |
+-------+--------+--------+--------+--------+--------+
     logs:  {'epo': 3, 'R1': 60.12, 'R5': 86.68, 'R10': 92.154, 'mAP': 56.315, 'mINP': 39.918, 'lr': 0.000178, 'entropy': 0.169179, 'loss': 2.683938}
      TTA Epoch: [4] [  0/384]  eta: 0:04:05  lr: 0.000175  entropy: 0.0807  loss: 2.6457  time: 0.6395  data: 0.5320  max mem: 5880
      TTA Epoch: [4] [100/384]  eta: 0:00:21  lr: 0.000173  entropy: 0.1850  loss: 2.6911  time: 0.0686  data: 0.0001  max mem: 5880
      TTA Epoch: [4] [200/384]  eta: 0:00:12  lr: 0.000171  entropy: 0.1770  loss: 2.6724  time: 0.0689  data: 0.0002  max mem: 5880
      TTA Epoch: [4] [300/384]  eta: 0:00:05  lr: 0.000170  entropy: 0.1001  loss: 2.6593  time: 0.0680  data: 0.0001  max mem: 5880
      TTA Epoch: [4] [383/384]  eta: 0:00:00  lr: 0.000168  entropy: 0.1308  loss: 2.6521  time: 0.0679  data: 0.0002  max mem: 5880
      TTA Epoch: [4] Total time: 0:00:27 (0.0705 s / it)
     Averaged stats: lr: 0.0002  entropy: 0.1565  loss: 2.6790
     itm tta time 0:00:27
     Computing matching score
      ITM Evaluation: [   0/6156]  eta: 0:07:00    time: 0.0683  data: 0.0144  max mem: 5880
      ITM Evaluation: [ 100/6156]  eta: 0:05:52    time: 0.0510  data: 0.0000  max mem: 5880
      ITM Evaluation: [ 200/6156]  eta: 0:05:45    time: 0.0557  data: 0.0000  max mem: 5880
      ITM Evaluation: [ 300/6156]  eta: 0:05:34    time: 0.0536  data: 0.0000  max mem: 5880
      ITM Evaluation: [ 400/6156]  eta: 0:05:29    time: 0.0552  data: 0.0000  max mem: 5880
      ITM Evaluation: [ 500/6156]  eta: 0:05:24    time: 0.0590  data: 0.0000  max mem: 5880
      ITM Evaluation: [ 600/6156]  eta: 0:05:16    time: 0.0575  data: 0.0000  max mem: 5880
      ITM Evaluation: [ 700/6156]  eta: 0:05:07    time: 0.0527  data: 0.0000  max mem: 5880
      ITM Evaluation: [ 800/6156]  eta: 0:05:02    time: 0.0573  data: 0.0000  max mem: 5880
      ITM Evaluation: [ 900/6156]  eta: 0:04:56    time: 0.0566  data: 0.0000  max mem: 5880
      ITM Evaluation: [1000/6156]  eta: 0:04:51    time: 0.0619  data: 0.0000  max mem: 5880
      ITM Evaluation: [1100/6156]  eta: 0:04:46    time: 0.0538  data: 0.0000  max mem: 5880
      ITM Evaluation: [1200/6156]  eta: 0:04:39    time: 0.0533  data: 0.0000  max mem: 5880
      ITM Evaluation: [1300/6156]  eta: 0:04:29    time: 0.0364  data: 0.0000  max mem: 5880
      ITM Evaluation: [1400/6156]  eta: 0:04:23    time: 0.0585  data: 0.0000  max mem: 5880
      ITM Evaluation: [1500/6156]  eta: 0:04:18    time: 0.0595  data: 0.0000  max mem: 5880
      ITM Evaluation: [1600/6156]  eta: 0:04:14    time: 0.0553  data: 0.0000  max mem: 5880
      ITM Evaluation: [1700/6156]  eta: 0:04:09    time: 0.0571  data: 0.0000  max mem: 5880
      ITM Evaluation: [1800/6156]  eta: 0:04:03    time: 0.0502  data: 0.0000  max mem: 5880
      ITM Evaluation: [1900/6156]  eta: 0:03:57    time: 0.0570  data: 0.0000  max mem: 5880
      ITM Evaluation: [2000/6156]  eta: 0:03:51    time: 0.0565  data: 0.0000  max mem: 5880
      ITM Evaluation: [2100/6156]  eta: 0:03:44    time: 0.0521  data: 0.0000  max mem: 5880
      ITM Evaluation: [2200/6156]  eta: 0:03:39    time: 0.0566  data: 0.0000  max mem: 5880
      ITM Evaluation: [2300/6156]  eta: 0:03:32    time: 0.0484  data: 0.0000  max mem: 5880
      ITM Evaluation: [2400/6156]  eta: 0:03:26    time: 0.0550  data: 0.0000  max mem: 5880
      ITM Evaluation: [2500/6156]  eta: 0:03:21    time: 0.0530  data: 0.0000  max mem: 5880
      ITM Evaluation: [2600/6156]  eta: 0:03:15    time: 0.0503  data: 0.0000  max mem: 5880
      ITM Evaluation: [2700/6156]  eta: 0:03:09    time: 0.0560  data: 0.0000  max mem: 5880
      ITM Evaluation: [2800/6156]  eta: 0:03:03    time: 0.0520  data: 0.0000  max mem: 5880
      ITM Evaluation: [2900/6156]  eta: 0:02:57    time: 0.0501  data: 0.0000  max mem: 5880
      ITM Evaluation: [3000/6156]  eta: 0:02:52    time: 0.0508  data: 0.0000  max mem: 5880
      ITM Evaluation: [3100/6156]  eta: 0:02:46    time: 0.0498  data: 0.0000  max mem: 5880
      ITM Evaluation: [3200/6156]  eta: 0:02:40    time: 0.0539  data: 0.0000  max mem: 5880
      ITM Evaluation: [3300/6156]  eta: 0:02:35    time: 0.0609  data: 0.0000  max mem: 5880
      ITM Evaluation: [3400/6156]  eta: 0:02:29    time: 0.0437  data: 0.0000  max mem: 5880
      ITM Evaluation: [3500/6156]  eta: 0:02:23    time: 0.0445  data: 0.0000  max mem: 5880
      ITM Evaluation: [3600/6156]  eta: 0:02:17    time: 0.0428  data: 0.0000  max mem: 5880
      ITM Evaluation: [3700/6156]  eta: 0:02:11    time: 0.0429  data: 0.0000  max mem: 5880
      ITM Evaluation: [3800/6156]  eta: 0:02:05    time: 0.0420  data: 0.0000  max mem: 5880
      ITM Evaluation: [3900/6156]  eta: 0:01:59    time: 0.0426  data: 0.0000  max mem: 5880
      ITM Evaluation: [4000/6156]  eta: 0:01:53    time: 0.0422  data: 0.0000  max mem: 5880
      ITM Evaluation: [4100/6156]  eta: 0:01:47    time: 0.0436  data: 0.0000  max mem: 5880
      ITM Evaluation: [4200/6156]  eta: 0:01:42    time: 0.0484  data: 0.0000  max mem: 5880
      ITM Evaluation: [4300/6156]  eta: 0:01:37    time: 0.0482  data: 0.0000  max mem: 5880
      ITM Evaluation: [4400/6156]  eta: 0:01:31    time: 0.0446  data: 0.0000  max mem: 5880
      ITM Evaluation: [4500/6156]  eta: 0:01:26    time: 0.0465  data: 0.0000  max mem: 5880
      ITM Evaluation: [4600/6156]  eta: 0:01:20    time: 0.0481  data: 0.0000  max mem: 5880
      ITM Evaluation: [4700/6156]  eta: 0:01:15    time: 0.0458  data: 0.0000  max mem: 5880
      ITM Evaluation: [4800/6156]  eta: 0:01:10    time: 0.0535  data: 0.0000  max mem: 5880
      ITM Evaluation: [4900/6156]  eta: 0:01:05    time: 0.0609  data: 0.0000  max mem: 5880
      ITM Evaluation: [5000/6156]  eta: 0:01:00    time: 0.0645  data: 0.0000  max mem: 5880
      ITM Evaluation: [5100/6156]  eta: 0:00:55    time: 0.0555  data: 0.0000  max mem: 5880
      ITM Evaluation: [5200/6156]  eta: 0:00:50    time: 0.0572  data: 0.0000  max mem: 5880
      ITM Evaluation: [5300/6156]  eta: 0:00:44    time: 0.0598  data: 0.0000  max mem: 5880
      ITM Evaluation: [5400/6156]  eta: 0:00:39    time: 0.0600  data: 0.0000  max mem: 5880
      ITM Evaluation: [5500/6156]  eta: 0:00:34    time: 0.0543  data: 0.0000  max mem: 5880
      ITM Evaluation: [5600/6156]  eta: 0:00:29    time: 0.0523  data: 0.0000  max mem: 5880
      ITM Evaluation: [5700/6156]  eta: 0:00:23    time: 0.0513  data: 0.0000  max mem: 5880
      ITM Evaluation: [5800/6156]  eta: 0:00:18    time: 0.0484  data: 0.0000  max mem: 5880
      ITM Evaluation: [5900/6156]  eta: 0:00:13    time: 0.0508  data: 0.0000  max mem: 5880
      ITM Evaluation: [6000/6156]  eta: 0:00:08    time: 0.0500  data: 0.0000  max mem: 5880
      ITM Evaluation: [6100/6156]  eta: 0:00:02    time: 0.0452  data: 0.0000  max mem: 5880
      ITM Evaluation: [6155/6156]  eta: 0:00:00    time: 0.0483  data: 0.0000  max mem: 5880
      ITM Evaluation: Total time: 0:05:22 (0.0524 s / it)
     total_time 322.65519738197327
     Computing matching score time 0:05:22
### TTA ITM Score: 
+-------+--------+--------+--------+--------+--------+
| epoch |   R1   |   R5   |  R10   |  mAP   |  mINP  |
+-------+--------+--------+--------+--------+--------+
|  -999 | 70.760 | 87.378 | 92.268 | 63.849 | 48.174 |
|  -999 | 76.170 | 89.457 | 93.600 | 65.570 | 47.372 |
|   0   | 72.515 | 87.995 | 92.755 | 63.667 | 46.510 |
|   1   | 66.017 | 88.028 | 92.755 | 59.757 | 42.799 |
|   2   | 59.292 | 86.468 | 92.560 | 55.894 | 40.283 |
|   3   | 60.120 | 86.680 | 92.154 | 56.315 | 39.918 |
|   4   | 66.228 | 87.622 | 92.333 | 59.790 | 42.916 |
+-------+--------+--------+--------+--------+--------+
     logs:  {'epo': 4, 'R1': 66.228, 'R5': 87.622, 'R10': 92.333, 'mAP': 59.79, 'mINP': 42.916, 'lr': 0.000172, 'entropy': 0.15653, 'loss': 2.679008}
      TTA Epoch: [5] [  0/384]  eta: 0:03:50  lr: 0.000168  entropy: 0.2509  loss: 2.7154  time: 0.6008  data: 0.4697  max mem: 5880
      TTA Epoch: [5] [100/384]  eta: 0:00:24  lr: 0.000166  entropy: 0.2210  loss: 2.6822  time: 0.0913  data: 0.0004  max mem: 5880
      TTA Epoch: [5] [200/384]  eta: 0:00:14  lr: 0.000165  entropy: 0.1353  loss: 2.6812  time: 0.0706  data: 0.0002  max mem: 5880
      TTA Epoch: [5] [300/384]  eta: 0:00:06  lr: 0.000163  entropy: 0.1377  loss: 2.6812  time: 0.0751  data: 0.0002  max mem: 5880
      TTA Epoch: [5] [383/384]  eta: 0:00:00  lr: 0.000162  entropy: 0.0979  loss: 2.6526  time: 0.0750  data: 0.0003  max mem: 5880
      TTA Epoch: [5] Total time: 0:00:29 (0.0760 s / it)
     Averaged stats: lr: 0.0002  entropy: 0.1520  loss: 2.6772
     itm tta time 0:00:29
     Computing matching score
      ITM Evaluation: [   0/6156]  eta: 0:06:29    time: 0.0633  data: 0.0075  max mem: 5880
      ITM Evaluation: [ 100/6156]  eta: 0:05:32    time: 0.0589  data: 0.0000  max mem: 5880
      ITM Evaluation: [ 200/6156]  eta: 0:05:31    time: 0.0521  data: 0.0000  max mem: 5880
      ITM Evaluation: [ 300/6156]  eta: 0:05:26    time: 0.0532  data: 0.0000  max mem: 5880
      ITM Evaluation: [ 400/6156]  eta: 0:05:23    time: 0.0586  data: 0.0000  max mem: 5880
      ITM Evaluation: [ 500/6156]  eta: 0:05:23    time: 0.0555  data: 0.0000  max mem: 5880
      ITM Evaluation: [ 600/6156]  eta: 0:05:18    time: 0.0583  data: 0.0000  max mem: 5880
      ITM Evaluation: [ 700/6156]  eta: 0:05:11    time: 0.0583  data: 0.0000  max mem: 5880
      ITM Evaluation: [ 800/6156]  eta: 0:05:04    time: 0.0521  data: 0.0000  max mem: 5880
      ITM Evaluation: [ 900/6156]  eta: 0:04:57    time: 0.0514  data: 0.0000  max mem: 5880
      ITM Evaluation: [1000/6156]  eta: 0:04:44    time: 0.0384  data: 0.0000  max mem: 5880
      ITM Evaluation: [1100/6156]  eta: 0:04:38    time: 0.0558  data: 0.0000  max mem: 5880
      ITM Evaluation: [1200/6156]  eta: 0:04:34    time: 0.0626  data: 0.0000  max mem: 5880
      ITM Evaluation: [1300/6156]  eta: 0:04:30    time: 0.0584  data: 0.0000  max mem: 5880
      ITM Evaluation: [1400/6156]  eta: 0:04:25    time: 0.0568  data: 0.0000  max mem: 5880
      ITM Evaluation: [1500/6156]  eta: 0:04:19    time: 0.0466  data: 0.0000  max mem: 5880
      ITM Evaluation: [1600/6156]  eta: 0:04:13    time: 0.0587  data: 0.0000  max mem: 5880
      ITM Evaluation: [1700/6156]  eta: 0:04:06    time: 0.0519  data: 0.0000  max mem: 5880
      ITM Evaluation: [1800/6156]  eta: 0:04:00    time: 0.0553  data: 0.0000  max mem: 5880
      ITM Evaluation: [1900/6156]  eta: 0:03:53    time: 0.0531  data: 0.0000  max mem: 5880
      ITM Evaluation: [2000/6156]  eta: 0:03:48    time: 0.0484  data: 0.0000  max mem: 5880
      ITM Evaluation: [2100/6156]  eta: 0:03:42    time: 0.0602  data: 0.0000  max mem: 5880
      ITM Evaluation: [2200/6156]  eta: 0:03:37    time: 0.0583  data: 0.0000  max mem: 5880
      ITM Evaluation: [2300/6156]  eta: 0:03:32    time: 0.0591  data: 0.0000  max mem: 5880
      ITM Evaluation: [2400/6156]  eta: 0:03:26    time: 0.0520  data: 0.0000  max mem: 5880
      ITM Evaluation: [2500/6156]  eta: 0:03:20    time: 0.0497  data: 0.0000  max mem: 5880
      ITM Evaluation: [2600/6156]  eta: 0:03:14    time: 0.0534  data: 0.0000  max mem: 5880
      ITM Evaluation: [2700/6156]  eta: 0:03:09    time: 0.0521  data: 0.0000  max mem: 5880
      ITM Evaluation: [2800/6156]  eta: 0:03:04    time: 0.0586  data: 0.0000  max mem: 5880
      ITM Evaluation: [2900/6156]  eta: 0:02:58    time: 0.0569  data: 0.0000  max mem: 5880
      ITM Evaluation: [3000/6156]  eta: 0:02:53    time: 0.0616  data: 0.0000  max mem: 5880
      ITM Evaluation: [3100/6156]  eta: 0:02:48    time: 0.0567  data: 0.0000  max mem: 5880
      ITM Evaluation: [3200/6156]  eta: 0:02:42    time: 0.0525  data: 0.0000  max mem: 5880
      ITM Evaluation: [3300/6156]  eta: 0:02:37    time: 0.0523  data: 0.0000  max mem: 5880
      ITM Evaluation: [3400/6156]  eta: 0:02:31    time: 0.0478  data: 0.0000  max mem: 5880
      ITM Evaluation: [3500/6156]  eta: 0:02:25    time: 0.0550  data: 0.0000  max mem: 5880
      ITM Evaluation: [3600/6156]  eta: 0:02:19    time: 0.0545  data: 0.0000  max mem: 5880
      ITM Evaluation: [3700/6156]  eta: 0:02:14    time: 0.0567  data: 0.0000  max mem: 5880
      ITM Evaluation: [3800/6156]  eta: 0:02:09    time: 0.0544  data: 0.0000  max mem: 5880
      ITM Evaluation: [3900/6156]  eta: 0:02:04    time: 0.0663  data: 0.0000  max mem: 5880
      ITM Evaluation: [4000/6156]  eta: 0:01:58    time: 0.0539  data: 0.0000  max mem: 5880
      ITM Evaluation: [4100/6156]  eta: 0:01:53    time: 0.0760  data: 0.0000  max mem: 5880
      ITM Evaluation: [4200/6156]  eta: 0:01:48    time: 0.0584  data: 0.0000  max mem: 5880
      ITM Evaluation: [4300/6156]  eta: 0:01:43    time: 0.0529  data: 0.0000  max mem: 5880
      ITM Evaluation: [4400/6156]  eta: 0:01:37    time: 0.0575  data: 0.0000  max mem: 5880
      ITM Evaluation: [4500/6156]  eta: 0:01:32    time: 0.0533  data: 0.0000  max mem: 5880
      ITM Evaluation: [4600/6156]  eta: 0:01:26    time: 0.0698  data: 0.0000  max mem: 5880
      ITM Evaluation: [4700/6156]  eta: 0:01:20    time: 0.0473  data: 0.0000  max mem: 5880
      ITM Evaluation: [4800/6156]  eta: 0:01:15    time: 0.0560  data: 0.0000  max mem: 5880
      ITM Evaluation: [4900/6156]  eta: 0:01:09    time: 0.0487  data: 0.0000  max mem: 5880
      ITM Evaluation: [5000/6156]  eta: 0:01:04    time: 0.0528  data: 0.0000  max mem: 5880
      ITM Evaluation: [5100/6156]  eta: 0:00:58    time: 0.0463  data: 0.0000  max mem: 5880
      ITM Evaluation: [5200/6156]  eta: 0:00:52    time: 0.0468  data: 0.0000  max mem: 5880
      ITM Evaluation: [5300/6156]  eta: 0:00:47    time: 0.0511  data: 0.0000  max mem: 5880
      ITM Evaluation: [5400/6156]  eta: 0:00:41    time: 0.0500  data: 0.0000  max mem: 5880
      ITM Evaluation: [5500/6156]  eta: 0:00:36    time: 0.0536  data: 0.0000  max mem: 5880
      ITM Evaluation: [5600/6156]  eta: 0:00:30    time: 0.0609  data: 0.0000  max mem: 5880
      ITM Evaluation: [5700/6156]  eta: 0:00:25    time: 0.0530  data: 0.0000  max mem: 5880
      ITM Evaluation: [5800/6156]  eta: 0:00:19    time: 0.0499  data: 0.0000  max mem: 5880
      ITM Evaluation: [5900/6156]  eta: 0:00:14    time: 0.0527  data: 0.0000  max mem: 5880
      ITM Evaluation: [6000/6156]  eta: 0:00:08    time: 0.0531  data: 0.0000  max mem: 5880
      ITM Evaluation: [6100/6156]  eta: 0:00:03    time: 0.0516  data: 0.0000  max mem: 5880
      ITM Evaluation: [6155/6156]  eta: 0:00:00    time: 0.0533  data: 0.0000  max mem: 5880
      ITM Evaluation: Total time: 0:05:37 (0.0549 s / it)
     total_time 338.0340702533722
     Computing matching score time 0:05:38
### TTA ITM Score: 
+-------+--------+--------+--------+--------+--------+
| epoch |   R1   |   R5   |  R10   |  mAP   |  mINP  |
+-------+--------+--------+--------+--------+--------+
|  -999 | 70.760 | 87.378 | 92.268 | 63.849 | 48.174 |
|  -999 | 76.170 | 89.457 | 93.600 | 65.570 | 47.372 |
|   0   | 72.515 | 87.995 | 92.755 | 63.667 | 46.510 |
|   1   | 66.017 | 88.028 | 92.755 | 59.757 | 42.799 |
|   2   | 59.292 | 86.468 | 92.560 | 55.894 | 40.283 |
|   3   | 60.120 | 86.680 | 92.154 | 56.315 | 39.918 |
|   4   | 66.228 | 87.622 | 92.333 | 59.790 | 42.916 |
|   5   | 66.634 | 87.394 | 92.089 | 59.744 | 42.609 |
+-------+--------+--------+--------+--------+--------+
     logs:  {'epo': 5, 'R1': 66.634, 'R5': 87.394, 'R10': 92.089, 'mAP': 59.744, 'mINP': 42.609, 'lr': 0.000165, 'entropy': 0.152031, 'loss': 2.67724}
      TTA Epoch: [6] [  0/384]  eta: 0:04:34  lr: 0.000161  entropy: 0.1263  loss: 2.6577  time: 0.7136  data: 0.5748  max mem: 5880
      TTA Epoch: [6] [100/384]  eta: 0:00:25  lr: 0.000160  entropy: 0.1974  loss: 2.6807  time: 0.0715  data: 0.0002  max mem: 5880
      TTA Epoch: [6] [200/384]  eta: 0:00:14  lr: 0.000158  entropy: 0.3704  loss: 2.7688  time: 0.0665  data: 0.0002  max mem: 5880
      TTA Epoch: [6] [300/384]  eta: 0:00:06  lr: 0.000156  entropy: 0.1599  loss: 2.6837  time: 0.0701  data: 0.0002  max mem: 5880
      TTA Epoch: [6] [383/384]  eta: 0:00:00  lr: 0.000155  entropy: 0.2805  loss: 2.7348  time: 0.0681  data: 0.0002  max mem: 5880
      TTA Epoch: [6] Total time: 0:00:29 (0.0756 s / it)
     Averaged stats: lr: 0.0002  entropy: 0.1431  loss: 2.6738
     itm tta time 0:00:29
     Computing matching score
      ITM Evaluation: [   0/6156]  eta: 0:05:43    time: 0.0559  data: 0.0077  max mem: 5880
      ITM Evaluation: [ 100/6156]  eta: 0:05:13    time: 0.0501  data: 0.0000  max mem: 5880
      ITM Evaluation: [ 200/6156]  eta: 0:05:08    time: 0.0559  data: 0.0000  max mem: 5880
      ITM Evaluation: [ 300/6156]  eta: 0:05:13    time: 0.0639  data: 0.0000  max mem: 5880
      ITM Evaluation: [ 400/6156]  eta: 0:05:09    time: 0.0524  data: 0.0000  max mem: 5880
      ITM Evaluation: [ 500/6156]  eta: 0:05:02    time: 0.0535  data: 0.0000  max mem: 5880
      ITM Evaluation: [ 600/6156]  eta: 0:04:53    time: 0.0521  data: 0.0000  max mem: 5880
      ITM Evaluation: [ 700/6156]  eta: 0:04:48    time: 0.0528  data: 0.0000  max mem: 5880
      ITM Evaluation: [ 800/6156]  eta: 0:04:43    time: 0.0563  data: 0.0000  max mem: 5880
      ITM Evaluation: [ 900/6156]  eta: 0:04:33    time: 0.0366  data: 0.0000  max mem: 5880
      ITM Evaluation: [1000/6156]  eta: 0:04:26    time: 0.0542  data: 0.0000  max mem: 5880
      ITM Evaluation: [1100/6156]  eta: 0:04:25    time: 0.0555  data: 0.0000  max mem: 5880
      ITM Evaluation: [1200/6156]  eta: 0:04:22    time: 0.0562  data: 0.0000  max mem: 5880
      ITM Evaluation: [1300/6156]  eta: 0:04:19    time: 0.0564  data: 0.0000  max mem: 5880
      ITM Evaluation: [1400/6156]  eta: 0:04:15    time: 0.0619  data: 0.0000  max mem: 5880
      ITM Evaluation: [1500/6156]  eta: 0:04:09    time: 0.0523  data: 0.0000  max mem: 5880
      ITM Evaluation: [1600/6156]  eta: 0:04:03    time: 0.0493  data: 0.0000  max mem: 5880
      ITM Evaluation: [1700/6156]  eta: 0:03:58    time: 0.0582  data: 0.0000  max mem: 5880
      ITM Evaluation: [1800/6156]  eta: 0:03:52    time: 0.0530  data: 0.0000  max mem: 5880
      ITM Evaluation: [1900/6156]  eta: 0:03:47    time: 0.0551  data: 0.0000  max mem: 5880
      ITM Evaluation: [2000/6156]  eta: 0:03:41    time: 0.0517  data: 0.0000  max mem: 5880
      ITM Evaluation: [2100/6156]  eta: 0:03:36    time: 0.0528  data: 0.0000  max mem: 5880
      ITM Evaluation: [2200/6156]  eta: 0:03:30    time: 0.0530  data: 0.0000  max mem: 5880
      ITM Evaluation: [2300/6156]  eta: 0:03:24    time: 0.0527  data: 0.0000  max mem: 5880
      ITM Evaluation: [2400/6156]  eta: 0:03:19    time: 0.0612  data: 0.0000  max mem: 5880
      ITM Evaluation: [2500/6156]  eta: 0:03:14    time: 0.0507  data: 0.0000  max mem: 5880
      ITM Evaluation: [2600/6156]  eta: 0:03:08    time: 0.0526  data: 0.0000  max mem: 5880
      ITM Evaluation: [2700/6156]  eta: 0:03:03    time: 0.0521  data: 0.0000  max mem: 5880
      ITM Evaluation: [2800/6156]  eta: 0:02:57    time: 0.0463  data: 0.0000  max mem: 5880
      ITM Evaluation: [2900/6156]  eta: 0:02:52    time: 0.0514  data: 0.0000  max mem: 5880
      ITM Evaluation: [3000/6156]  eta: 0:02:46    time: 0.0496  data: 0.0000  max mem: 5880
      ITM Evaluation: [3100/6156]  eta: 0:02:41    time: 0.0536  data: 0.0000  max mem: 5880
      ITM Evaluation: [3200/6156]  eta: 0:02:36    time: 0.0496  data: 0.0000  max mem: 5880
      ITM Evaluation: [3300/6156]  eta: 0:02:31    time: 0.0513  data: 0.0000  max mem: 5880
      ITM Evaluation: [3400/6156]  eta: 0:02:25    time: 0.0547  data: 0.0000  max mem: 5880
      ITM Evaluation: [3500/6156]  eta: 0:02:20    time: 0.0507  data: 0.0000  max mem: 5880
      ITM Evaluation: [3600/6156]  eta: 0:02:15    time: 0.0555  data: 0.0000  max mem: 5880
      ITM Evaluation: [3700/6156]  eta: 0:02:10    time: 0.0525  data: 0.0000  max mem: 5880
      ITM Evaluation: [3800/6156]  eta: 0:02:04    time: 0.0499  data: 0.0000  max mem: 5880
      ITM Evaluation: [3900/6156]  eta: 0:01:59    time: 0.0598  data: 0.0000  max mem: 5880
      ITM Evaluation: [4000/6156]  eta: 0:01:54    time: 0.0482  data: 0.0000  max mem: 5880
      ITM Evaluation: [4100/6156]  eta: 0:01:49    time: 0.0514  data: 0.0000  max mem: 5880
      ITM Evaluation: [4200/6156]  eta: 0:01:43    time: 0.0555  data: 0.0000  max mem: 5880
      ITM Evaluation: [4300/6156]  eta: 0:01:38    time: 0.0542  data: 0.0000  max mem: 5880
      ITM Evaluation: [4400/6156]  eta: 0:01:33    time: 0.0504  data: 0.0000  max mem: 5880
      ITM Evaluation: [4500/6156]  eta: 0:01:27    time: 0.0527  data: 0.0000  max mem: 5880
      ITM Evaluation: [4600/6156]  eta: 0:01:22    time: 0.0536  data: 0.0000  max mem: 5880
      ITM Evaluation: [4700/6156]  eta: 0:01:17    time: 0.0558  data: 0.0000  max mem: 5880
      ITM Evaluation: [4800/6156]  eta: 0:01:12    time: 0.0532  data: 0.0000  max mem: 5880
      ITM Evaluation: [4900/6156]  eta: 0:01:07    time: 0.0572  data: 0.0000  max mem: 5880
      ITM Evaluation: [5000/6156]  eta: 0:01:01    time: 0.0578  data: 0.0000  max mem: 5880
      ITM Evaluation: [5100/6156]  eta: 0:00:56    time: 0.0592  data: 0.0000  max mem: 5880
      ITM Evaluation: [5200/6156]  eta: 0:00:51    time: 0.0526  data: 0.0000  max mem: 5880
      ITM Evaluation: [5300/6156]  eta: 0:00:45    time: 0.0578  data: 0.0000  max mem: 5880
      ITM Evaluation: [5400/6156]  eta: 0:00:40    time: 0.0538  data: 0.0000  max mem: 5880
      ITM Evaluation: [5500/6156]  eta: 0:00:35    time: 0.0551  data: 0.0000  max mem: 5880
      ITM Evaluation: [5600/6156]  eta: 0:00:29    time: 0.0610  data: 0.0000  max mem: 5880
      ITM Evaluation: [5700/6156]  eta: 0:00:24    time: 0.0645  data: 0.0000  max mem: 5880
      ITM Evaluation: [5800/6156]  eta: 0:00:19    time: 0.0590  data: 0.0000  max mem: 5880
      ITM Evaluation: [5900/6156]  eta: 0:00:13    time: 0.0637  data: 0.0000  max mem: 5880
      ITM Evaluation: [6000/6156]  eta: 0:00:08    time: 0.0517  data: 0.0000  max mem: 5880
      ITM Evaluation: [6100/6156]  eta: 0:00:03    time: 0.0649  data: 0.0000  max mem: 5880
      ITM Evaluation: [6155/6156]  eta: 0:00:00    time: 0.0647  data: 0.0000  max mem: 5880
      ITM Evaluation: Total time: 0:05:33 (0.0542 s / it)
     total_time 334.02502965927124
     Computing matching score time 0:05:34
### TTA ITM Score: 
+-------+--------+--------+--------+--------+--------+
| epoch |   R1   |   R5   |  R10   |  mAP   |  mINP  |
+-------+--------+--------+--------+--------+--------+
|  -999 | 70.760 | 87.378 | 92.268 | 63.849 | 48.174 |
|  -999 | 76.170 | 89.457 | 93.600 | 65.570 | 47.372 |
|   0   | 72.515 | 87.995 | 92.755 | 63.667 | 46.510 |
|   1   | 66.017 | 88.028 | 92.755 | 59.757 | 42.799 |
|   2   | 59.292 | 86.468 | 92.560 | 55.894 | 40.283 |
|   3   | 60.120 | 86.680 | 92.154 | 56.315 | 39.918 |
|   4   | 66.228 | 87.622 | 92.333 | 59.790 | 42.916 |
|   5   | 66.634 | 87.394 | 92.089 | 59.744 | 42.609 |
|   6   | 67.836 | 87.443 | 91.975 | 60.075 | 42.461 |
+-------+--------+--------+--------+--------+--------+
     logs:  {'epo': 6, 'R1': 67.836, 'R5': 87.443, 'R10': 91.975, 'mAP': 60.075, 'mINP': 42.461, 'lr': 0.000158, 'entropy': 0.143101, 'loss': 2.67384}
      TTA Epoch: [7] [  0/384]  eta: 0:05:15  lr: 0.000155  entropy: 0.2747  loss: 2.7173  time: 0.8227  data: 0.6883  max mem: 5880
      TTA Epoch: [7] [100/384]  eta: 0:00:23  lr: 0.000153  entropy: 0.1188  loss: 2.6583  time: 0.0707  data: 0.0003  max mem: 5880
      TTA Epoch: [7] [200/384]  eta: 0:00:13  lr: 0.000151  entropy: 0.0599  loss: 2.6667  time: 0.0675  data: 0.0002  max mem: 5880
      TTA Epoch: [7] [300/384]  eta: 0:00:06  lr: 0.000150  entropy: 0.0968  loss: 2.6611  time: 0.0685  data: 0.0002  max mem: 5880
      TTA Epoch: [7] [383/384]  eta: 0:00:00  lr: 0.000148  entropy: 0.1596  loss: 2.6818  time: 0.0677  data: 0.0002  max mem: 5880
      TTA Epoch: [7] Total time: 0:00:28 (0.0732 s / it)
     Averaged stats: lr: 0.0002  entropy: 0.1447  loss: 2.6744
     itm tta time 0:00:28
     Computing matching score
      ITM Evaluation: [   0/6156]  eta: 0:07:11    time: 0.0701  data: 0.0061  max mem: 5880
      ITM Evaluation: [ 100/6156]  eta: 0:05:44    time: 0.0581  data: 0.0000  max mem: 5880
      ITM Evaluation: [ 200/6156]  eta: 0:05:35    time: 0.0563  data: 0.0000  max mem: 5880
      ITM Evaluation: [ 300/6156]  eta: 0:05:32    time: 0.0651  data: 0.0000  max mem: 5880
      ITM Evaluation: [ 400/6156]  eta: 0:05:29    time: 0.0553  data: 0.0000  max mem: 5880
      ITM Evaluation: [ 500/6156]  eta: 0:05:24    time: 0.0497  data: 0.0000  max mem: 5880
      ITM Evaluation: [ 600/6156]  eta: 0:05:06    time: 0.0385  data: 0.0000  max mem: 5880
      ITM Evaluation: [ 700/6156]  eta: 0:04:59    time: 0.0642  data: 0.0000  max mem: 5880
      ITM Evaluation: [ 800/6156]  eta: 0:04:57    time: 0.0638  data: 0.0000  max mem: 5880
      ITM Evaluation: [ 900/6156]  eta: 0:04:54    time: 0.0598  data: 0.0000  max mem: 5880
      ITM Evaluation: [1000/6156]  eta: 0:04:51    time: 0.0611  data: 0.0000  max mem: 5880
      ITM Evaluation: [1100/6156]  eta: 0:04:46    time: 0.0526  data: 0.0000  max mem: 5880
      ITM Evaluation: [1200/6156]  eta: 0:04:40    time: 0.0557  data: 0.0000  max mem: 5880
      ITM Evaluation: [1300/6156]  eta: 0:04:33    time: 0.0505  data: 0.0000  max mem: 5880
      ITM Evaluation: [1400/6156]  eta: 0:04:26    time: 0.0483  data: 0.0000  max mem: 5880
      ITM Evaluation: [1500/6156]  eta: 0:04:20    time: 0.0547  data: 0.0000  max mem: 5880
      ITM Evaluation: [1600/6156]  eta: 0:04:14    time: 0.0572  data: 0.0000  max mem: 5880
      ITM Evaluation: [1700/6156]  eta: 0:04:07    time: 0.0497  data: 0.0000  max mem: 5880
      ITM Evaluation: [1800/6156]  eta: 0:04:02    time: 0.0527  data: 0.0000  max mem: 5880
      ITM Evaluation: [1900/6156]  eta: 0:03:57    time: 0.0604  data: 0.0000  max mem: 5880
      ITM Evaluation: [2000/6156]  eta: 0:03:51    time: 0.0591  data: 0.0000  max mem: 5880
      ITM Evaluation: [2100/6156]  eta: 0:03:46    time: 0.0608  data: 0.0000  max mem: 5880
      ITM Evaluation: [2200/6156]  eta: 0:03:41    time: 0.0482  data: 0.0000  max mem: 5880
      ITM Evaluation: [2300/6156]  eta: 0:03:35    time: 0.0551  data: 0.0000  max mem: 5880
      ITM Evaluation: [2400/6156]  eta: 0:03:29    time: 0.0574  data: 0.0000  max mem: 5880
      ITM Evaluation: [2500/6156]  eta: 0:03:23    time: 0.0514  data: 0.0000  max mem: 5880
      ITM Evaluation: [2600/6156]  eta: 0:03:17    time: 0.0500  data: 0.0000  max mem: 5880
      ITM Evaluation: [2700/6156]  eta: 0:03:11    time: 0.0566  data: 0.0000  max mem: 5880
      ITM Evaluation: [2800/6156]  eta: 0:03:05    time: 0.0542  data: 0.0000  max mem: 5880
      ITM Evaluation: [2900/6156]  eta: 0:03:00    time: 0.0610  data: 0.0000  max mem: 5880
      ITM Evaluation: [3000/6156]  eta: 0:02:54    time: 0.0525  data: 0.0000  max mem: 5880
      ITM Evaluation: [3100/6156]  eta: 0:02:49    time: 0.0640  data: 0.0000  max mem: 5880
      ITM Evaluation: [3200/6156]  eta: 0:02:43    time: 0.0554  data: 0.0000  max mem: 5880
      ITM Evaluation: [3300/6156]  eta: 0:02:37    time: 0.0494  data: 0.0000  max mem: 5880
      ITM Evaluation: [3400/6156]  eta: 0:02:32    time: 0.0516  data: 0.0000  max mem: 5880
      ITM Evaluation: [3500/6156]  eta: 0:02:26    time: 0.0529  data: 0.0000  max mem: 5880
      ITM Evaluation: [3600/6156]  eta: 0:02:20    time: 0.0603  data: 0.0000  max mem: 5880
      ITM Evaluation: [3700/6156]  eta: 0:02:15    time: 0.0513  data: 0.0000  max mem: 5880
      ITM Evaluation: [3800/6156]  eta: 0:02:10    time: 0.0554  data: 0.0000  max mem: 5880
      ITM Evaluation: [3900/6156]  eta: 0:02:05    time: 0.0595  data: 0.0000  max mem: 5880
      ITM Evaluation: [4000/6156]  eta: 0:01:59    time: 0.0615  data: 0.0000  max mem: 5880
      ITM Evaluation: [4100/6156]  eta: 0:01:54    time: 0.0806  data: 0.0000  max mem: 5880
      ITM Evaluation: [4200/6156]  eta: 0:01:49    time: 0.0710  data: 0.0000  max mem: 5880
      ITM Evaluation: [4300/6156]  eta: 0:01:44    time: 0.0543  data: 0.0000  max mem: 5880
      ITM Evaluation: [4400/6156]  eta: 0:01:39    time: 0.0571  data: 0.0000  max mem: 5880
      ITM Evaluation: [4500/6156]  eta: 0:01:33    time: 0.0575  data: 0.0000  max mem: 5880
      ITM Evaluation: [4600/6156]  eta: 0:01:27    time: 0.0553  data: 0.0000  max mem: 5880
      ITM Evaluation: [4700/6156]  eta: 0:01:22    time: 0.0556  data: 0.0000  max mem: 5880
      ITM Evaluation: [4800/6156]  eta: 0:01:16    time: 0.0536  data: 0.0000  max mem: 5880
      ITM Evaluation: [4900/6156]  eta: 0:01:11    time: 0.0525  data: 0.0000  max mem: 5880
      ITM Evaluation: [5000/6156]  eta: 0:01:05    time: 0.0534  data: 0.0000  max mem: 5880
      ITM Evaluation: [5100/6156]  eta: 0:00:59    time: 0.0533  data: 0.0000  max mem: 5880
      ITM Evaluation: [5200/6156]  eta: 0:00:53    time: 0.0572  data: 0.0000  max mem: 5880
      ITM Evaluation: [5300/6156]  eta: 0:00:48    time: 0.0599  data: 0.0000  max mem: 5880
      ITM Evaluation: [5400/6156]  eta: 0:00:42    time: 0.0627  data: 0.0000  max mem: 5880
      ITM Evaluation: [5500/6156]  eta: 0:00:37    time: 0.0549  data: 0.0000  max mem: 5880
      ITM Evaluation: [5600/6156]  eta: 0:00:31    time: 0.0548  data: 0.0000  max mem: 5880
      ITM Evaluation: [5700/6156]  eta: 0:00:25    time: 0.0594  data: 0.0000  max mem: 5880
      ITM Evaluation: [5800/6156]  eta: 0:00:20    time: 0.0587  data: 0.0000  max mem: 5880
      ITM Evaluation: [5900/6156]  eta: 0:00:14    time: 0.0548  data: 0.0000  max mem: 5880
      ITM Evaluation: [6000/6156]  eta: 0:00:08    time: 0.0600  data: 0.0000  max mem: 5880
      ITM Evaluation: [6100/6156]  eta: 0:00:03    time: 0.0550  data: 0.0000  max mem: 5880
      ITM Evaluation: [6155/6156]  eta: 0:00:00    time: 0.0595  data: 0.0000  max mem: 5880
      ITM Evaluation: Total time: 0:05:46 (0.0563 s / it)
     total_time 346.8040750026703
     Computing matching score time 0:05:46
### TTA ITM Score: 
+-------+--------+--------+--------+--------+--------+
| epoch |   R1   |   R5   |  R10   |  mAP   |  mINP  |
+-------+--------+--------+--------+--------+--------+
|  -999 | 70.760 | 87.378 | 92.268 | 63.849 | 48.174 |
|  -999 | 76.170 | 89.457 | 93.600 | 65.570 | 47.372 |
|   0   | 72.515 | 87.995 | 92.755 | 63.667 | 46.510 |
|   1   | 66.017 | 88.028 | 92.755 | 59.757 | 42.799 |
|   2   | 59.292 | 86.468 | 92.560 | 55.894 | 40.283 |
|   3   | 60.120 | 86.680 | 92.154 | 56.315 | 39.918 |
|   4   | 66.228 | 87.622 | 92.333 | 59.790 | 42.916 |
|   5   | 66.634 | 87.394 | 92.089 | 59.744 | 42.609 |
|   6   | 67.836 | 87.443 | 91.975 | 60.075 | 42.461 |
|   7   | 64.409 | 87.021 | 92.154 | 58.335 | 41.638 |
+-------+--------+--------+--------+--------+--------+
     logs:  {'epo': 7, 'R1': 64.409, 'R5': 87.021, 'R10': 92.154, 'mAP': 58.335, 'mINP': 41.638, 'lr': 0.000151, 'entropy': 0.144713, 'loss': 2.674403}
      TTA Epoch: [8] [  0/384]  eta: 0:04:31  lr: 0.000148  entropy: 0.0395  loss: 2.6372  time: 0.7072  data: 0.5486  max mem: 5880
      TTA Epoch: [8] [100/384]  eta: 0:00:21  lr: 0.000146  entropy: 0.1163  loss: 2.6863  time: 0.0703  data: 0.0003  max mem: 5880
      TTA Epoch: [8] [200/384]  eta: 0:00:13  lr: 0.000145  entropy: 0.0943  loss: 2.6298  time: 0.0746  data: 0.0006  max mem: 5880
      TTA Epoch: [8] [300/384]  eta: 0:00:06  lr: 0.000143  entropy: 0.2290  loss: 2.7035  time: 0.0707  data: 0.0003  max mem: 5880
      TTA Epoch: [8] [383/384]  eta: 0:00:00  lr: 0.000141  entropy: 0.0905  loss: 2.6452  time: 0.0695  data: 0.0002  max mem: 5880
      TTA Epoch: [8] Total time: 0:00:27 (0.0721 s / it)
     Averaged stats: lr: 0.0001  entropy: 0.1399  loss: 2.6726
     itm tta time 0:00:27
     Computing matching score
      ITM Evaluation: [   0/6156]  eta: 0:05:42    time: 0.0557  data: 0.0060  max mem: 5880
      ITM Evaluation: [ 100/6156]  eta: 0:05:55    time: 0.0608  data: 0.0000  max mem: 5880
      ITM Evaluation: [ 200/6156]  eta: 0:05:41    time: 0.0557  data: 0.0000  max mem: 5880
      ITM Evaluation: [ 300/6156]  eta: 0:05:11    time: 0.0417  data: 0.0000  max mem: 5880
      ITM Evaluation: [ 400/6156]  eta: 0:05:18    time: 0.0632  data: 0.0000  max mem: 5880
      ITM Evaluation: [ 500/6156]  eta: 0:05:19    time: 0.0579  data: 0.0000  max mem: 5880
      ITM Evaluation: [ 600/6156]  eta: 0:05:17    time: 0.0584  data: 0.0000  max mem: 5880
      ITM Evaluation: [ 700/6156]  eta: 0:05:13    time: 0.0583  data: 0.0000  max mem: 5880
      ITM Evaluation: [ 800/6156]  eta: 0:05:06    time: 0.0514  data: 0.0000  max mem: 5880
      ITM Evaluation: [ 900/6156]  eta: 0:05:00    time: 0.0582  data: 0.0000  max mem: 5880
      ITM Evaluation: [1000/6156]  eta: 0:04:55    time: 0.0598  data: 0.0000  max mem: 5880
      ITM Evaluation: [1100/6156]  eta: 0:04:50    time: 0.0631  data: 0.0000  max mem: 5880
      ITM Evaluation: [1200/6156]  eta: 0:04:43    time: 0.0597  data: 0.000