Not using distributed mode
### Hyper-parameters:
     seed: 42
     device: cuda
     output_dir: output/ft_rstp/tta/tta_exp6.4.1
     batch_size_tta: 16
     epochs: 30
     lr: 0.0001
### Creating model
use_swin
load checkpoint from checkpoints/ft_rstp/checkpoint_best.pth
missing_keys:  []
vision_encoder missing_keys:  []
unexpected_keys:  []
     Total Params Sum:  214456629
### Creating test dataset
     test_dataset: 1000
### Creating test dataloader
### be careful: func create_loader returns a list length of 1
     test_loader: 7
### Inference ITC similiarity matrix
     Computing text features for evaluation
     Computing image features for evaluation
/home/jiahao/task/APTM/reTools.py:308: UserWarning: To copy construct from a tensor, it is recommended to use sourceTensor.clone().detach() or sourceTensor.clone().detach().requires_grad_(True), rather than torch.tensor(sourceTensor).
  similarity = torch.tensor(scores_t2i)
     Computing features time 0:00:04
### Zero-Shot ITC Score: 
+-------+--------+--------+--------+--------+--------+
| epoch |   R1   |   R5   |  R10   |  mAP   |  mINP  |
+-------+--------+--------+--------+--------+--------+
|  -999 | 59.000 | 79.650 | 88.500 | 47.231 | 25.876 |
+-------+--------+--------+--------+--------+--------+
     Computing matching score
      ITM Evaluation: [   0/2000]  eta: 0:01:49    time: 0.0547  data: 0.0012  max mem: 4847
      ITM Evaluation: [ 100/2000]  eta: 0:01:31    time: 0.0488  data: 0.0000  max mem: 4847
      ITM Evaluation: [ 200/2000]  eta: 0:01:22    time: 0.0425  data: 0.0000  max mem: 4847
      ITM Evaluation: [ 300/2000]  eta: 0:01:16    time: 0.0414  data: 0.0000  max mem: 4847
      ITM Evaluation: [ 400/2000]  eta: 0:01:12    time: 0.0460  data: 0.0000  max mem: 4847
      ITM Evaluation: [ 500/2000]  eta: 0:01:08    time: 0.0456  data: 0.0000  max mem: 4847
      ITM Evaluation: [ 600/2000]  eta: 0:01:03    time: 0.0464  data: 0.0000  max mem: 4847
      ITM Evaluation: [ 700/2000]  eta: 0:00:59    time: 0.0461  data: 0.0000  max mem: 4847
      ITM Evaluation: [ 800/2000]  eta: 0:00:55    time: 0.0450  data: 0.0000  max mem: 4847
      ITM Evaluation: [ 900/2000]  eta: 0:00:50    time: 0.0467  data: 0.0000  max mem: 4847
      ITM Evaluation: [1000/2000]  eta: 0:00:46    time: 0.0460  data: 0.0000  max mem: 4847
      ITM Evaluation: [1100/2000]  eta: 0:00:41    time: 0.0444  data: 0.0000  max mem: 4847
      ITM Evaluation: [1200/2000]  eta: 0:00:36    time: 0.0461  data: 0.0000  max mem: 4847
      ITM Evaluation: [1300/2000]  eta: 0:00:32    time: 0.0449  data: 0.0000  max mem: 4847
      ITM Evaluation: [1400/2000]  eta: 0:00:27    time: 0.0477  data: 0.0000  max mem: 4847
      ITM Evaluation: [1500/2000]  eta: 0:00:22    time: 0.0437  data: 0.0000  max mem: 4847
      ITM Evaluation: [1600/2000]  eta: 0:00:18    time: 0.0487  data: 0.0000  max mem: 4847
      ITM Evaluation: [1700/2000]  eta: 0:00:13    time: 0.0464  data: 0.0000  max mem: 4847
      ITM Evaluation: [1800/2000]  eta: 0:00:09    time: 0.0506  data: 0.0000  max mem: 4847
      ITM Evaluation: [1900/2000]  eta: 0:00:04    time: 0.0455  data: 0.0000  max mem: 4847
      ITM Evaluation: [1999/2000]  eta: 0:00:00    time: 0.0453  data: 0.0000  max mem: 4847
      ITM Evaluation: Total time: 0:01:32 (0.0460 s / it)
     total_time 92.03501868247986
     Computing matching score time 0:01:32
### Zero-Shot ITM Score: 
+-------+--------+--------+--------+--------+--------+
| epoch |   R1   |   R5   |  R10   |  mAP   |  mINP  |
+-------+--------+--------+--------+--------+--------+
|  -999 | 59.000 | 79.650 | 88.500 | 47.231 | 25.876 |
|  -999 | 66.450 | 85.600 | 90.600 | 50.642 | 25.526 |
+-------+--------+--------+--------+--------+--------+
### TTA:
### Compute ITC Uncertainty
     preprocess_tta_coefficients  start
     sample selection ...
     number of sample after sample_selection: 2000
     uncertainty ...
     preprocess_tta_coefficients  end
### Creating tta dataset
     tta_dataset: 2000
### Creating tta dataloader
### be careful: func create_loader returns a list length of 1
     tta_loader: 125
### Configure adapted weights
Traceback (most recent call last):
  File "/home/jiahao/task/APTM/tta.py", line 347, in <module>
    main(args, config)
  File "/home/jiahao/task/APTM/tta.py", line 258, in main
    model = configure_tta_model(config, model)
  File "/home/jiahao/task/APTM/tta/optim.py", line 74, in configure_tta_model
    model.prompt_learning_embedding.requires_grad_(True)
  File "/home/jiahao/miniconda3/envs/aptm/lib/python3.9/site-packages/torch/nn/modules/module.py", line 1130, in __getattr__
    raise AttributeError("'{}' object has no attribute '{}'".format(
AttributeError: 'APTM_Retrieval' object has no attribute 'prompt_learning_embedding'
